Archive member included to satisfy reference by file (symbol)

C:/ST/STM32CubeIDE_1.15.0/STM32CubeIDE/plugins/com.st.stm32cube.ide.mcu.externaltools.gnu-tools-for-stm32.12.3.rel1.win32_1.0.100.202403111256/tools/bin/../lib/gcc/arm-none-eabi/12.3.1/../../../../arm-none-eabi/lib/thumb/v7e-m+fp/hard\libc_nano.a(libc_a-exit.o)
                              C:/ST/STM32CubeIDE_1.15.0/STM32CubeIDE/plugins/com.st.stm32cube.ide.mcu.externaltools.gnu-tools-for-stm32.12.3.rel1.win32_1.0.100.202403111256/tools/bin/../lib/gcc/arm-none-eabi/12.3.1/../../../../arm-none-eabi/lib/thumb/v7e-m+fp/hard/crt0.o (exit)
C:/ST/STM32CubeIDE_1.15.0/STM32CubeIDE/plugins/com.st.stm32cube.ide.mcu.externaltools.gnu-tools-for-stm32.12.3.rel1.win32_1.0.100.202403111256/tools/bin/../lib/gcc/arm-none-eabi/12.3.1/../../../../arm-none-eabi/lib/thumb/v7e-m+fp/hard\libc_nano.a(libc_a-findfp.o)
                              C:/ST/STM32CubeIDE_1.15.0/STM32CubeIDE/plugins/com.st.stm32cube.ide.mcu.externaltools.gnu-tools-for-stm32.12.3.rel1.win32_1.0.100.202403111256/tools/bin/../lib/gcc/arm-none-eabi/12.3.1/../../../../arm-none-eabi/lib/thumb/v7e-m+fp/hard\libc_nano.a(libc_a-exit.o) (__stdio_exit_handler)
C:/ST/STM32CubeIDE_1.15.0/STM32CubeIDE/plugins/com.st.stm32cube.ide.mcu.externaltools.gnu-tools-for-stm32.12.3.rel1.win32_1.0.100.202403111256/tools/bin/../lib/gcc/arm-none-eabi/12.3.1/../../../../arm-none-eabi/lib/thumb/v7e-m+fp/hard\libc_nano.a(libc_a-fwalk.o)
                              C:/ST/STM32CubeIDE_1.15.0/STM32CubeIDE/plugins/com.st.stm32cube.ide.mcu.externaltools.gnu-tools-for-stm32.12.3.rel1.win32_1.0.100.202403111256/tools/bin/../lib/gcc/arm-none-eabi/12.3.1/../../../../arm-none-eabi/lib/thumb/v7e-m+fp/hard\libc_nano.a(libc_a-findfp.o) (_fwalk_sglue)
C:/ST/STM32CubeIDE_1.15.0/STM32CubeIDE/plugins/com.st.stm32cube.ide.mcu.externaltools.gnu-tools-for-stm32.12.3.rel1.win32_1.0.100.202403111256/tools/bin/../lib/gcc/arm-none-eabi/12.3.1/../../../../arm-none-eabi/lib/thumb/v7e-m+fp/hard\libc_nano.a(libc_a-stdio.o)
                              C:/ST/STM32CubeIDE_1.15.0/STM32CubeIDE/plugins/com.st.stm32cube.ide.mcu.externaltools.gnu-tools-for-stm32.12.3.rel1.win32_1.0.100.202403111256/tools/bin/../lib/gcc/arm-none-eabi/12.3.1/../../../../arm-none-eabi/lib/thumb/v7e-m+fp/hard\libc_nano.a(libc_a-findfp.o) (__sread)
C:/ST/STM32CubeIDE_1.15.0/STM32CubeIDE/plugins/com.st.stm32cube.ide.mcu.externaltools.gnu-tools-for-stm32.12.3.rel1.win32_1.0.100.202403111256/tools/bin/../lib/gcc/arm-none-eabi/12.3.1/../../../../arm-none-eabi/lib/thumb/v7e-m+fp/hard\libc_nano.a(libc_a-memset.o)
                              C:/ST/STM32CubeIDE_1.15.0/STM32CubeIDE/plugins/com.st.stm32cube.ide.mcu.externaltools.gnu-tools-for-stm32.12.3.rel1.win32_1.0.100.202403111256/tools/bin/../lib/gcc/arm-none-eabi/12.3.1/../../../../arm-none-eabi/lib/thumb/v7e-m+fp/hard/crt0.o (memset)
C:/ST/STM32CubeIDE_1.15.0/STM32CubeIDE/plugins/com.st.stm32cube.ide.mcu.externaltools.gnu-tools-for-stm32.12.3.rel1.win32_1.0.100.202403111256/tools/bin/../lib/gcc/arm-none-eabi/12.3.1/../../../../arm-none-eabi/lib/thumb/v7e-m+fp/hard\libc_nano.a(libc_a-closer.o)
                              C:/ST/STM32CubeIDE_1.15.0/STM32CubeIDE/plugins/com.st.stm32cube.ide.mcu.externaltools.gnu-tools-for-stm32.12.3.rel1.win32_1.0.100.202403111256/tools/bin/../lib/gcc/arm-none-eabi/12.3.1/../../../../arm-none-eabi/lib/thumb/v7e-m+fp/hard\libc_nano.a(libc_a-stdio.o) (_close_r)
C:/ST/STM32CubeIDE_1.15.0/STM32CubeIDE/plugins/com.st.stm32cube.ide.mcu.externaltools.gnu-tools-for-stm32.12.3.rel1.win32_1.0.100.202403111256/tools/bin/../lib/gcc/arm-none-eabi/12.3.1/../../../../arm-none-eabi/lib/thumb/v7e-m+fp/hard\libc_nano.a(libc_a-reent.o)
                              C:/ST/STM32CubeIDE_1.15.0/STM32CubeIDE/plugins/com.st.stm32cube.ide.mcu.externaltools.gnu-tools-for-stm32.12.3.rel1.win32_1.0.100.202403111256/tools/bin/../lib/gcc/arm-none-eabi/12.3.1/../../../../arm-none-eabi/lib/thumb/v7e-m+fp/hard\libc_nano.a(libc_a-closer.o) (errno)
C:/ST/STM32CubeIDE_1.15.0/STM32CubeIDE/plugins/com.st.stm32cube.ide.mcu.externaltools.gnu-tools-for-stm32.12.3.rel1.win32_1.0.100.202403111256/tools/bin/../lib/gcc/arm-none-eabi/12.3.1/../../../../arm-none-eabi/lib/thumb/v7e-m+fp/hard\libc_nano.a(libc_a-impure.o)
                              C:/ST/STM32CubeIDE_1.15.0/STM32CubeIDE/plugins/com.st.stm32cube.ide.mcu.externaltools.gnu-tools-for-stm32.12.3.rel1.win32_1.0.100.202403111256/tools/bin/../lib/gcc/arm-none-eabi/12.3.1/../../../../arm-none-eabi/lib/thumb/v7e-m+fp/hard\libc_nano.a(libc_a-reent.o) (_impure_ptr)
C:/ST/STM32CubeIDE_1.15.0/STM32CubeIDE/plugins/com.st.stm32cube.ide.mcu.externaltools.gnu-tools-for-stm32.12.3.rel1.win32_1.0.100.202403111256/tools/bin/../lib/gcc/arm-none-eabi/12.3.1/../../../../arm-none-eabi/lib/thumb/v7e-m+fp/hard\libc_nano.a(libc_a-lseekr.o)
[...]
Memory Configuration

Name             Origin             Length             Attributes
CCMRAM           0x10000000         0x00010000         xrw
RAM              0x20000000         0x00020000         xrw
FLASH            0x08000000         0x00100000         xr
*default*        0x00000000         0xffffffff

Linker script and memory map

LOAD C:/ST/STM32CubeIDE_1.15.0/STM32CubeIDE/plugins/com.st.stm32cube.ide.mcu.externaltools.gnu-tools-for-stm32.12.3.rel1.win32_1.0.100.202403111256/tools/bin/../lib/gcc/arm-none-eabi/12.3.1/thumb/v7e-m+fp/hard/crti.o
LOAD C:/ST/STM32CubeIDE_1.15.0/STM32CubeIDE/plugins/com.st.stm32cube.ide.mcu.externaltools.gnu-tools-for-stm32.12.3.rel1.win32_1.0.100.202403111256/tools/bin/../lib/gcc/arm-none-eabi/12.3.1/thumb/v7e-m+fp/hard/crtbegin.o
LOAD C:/ST/STM32CubeIDE_1.15.0/STM32CubeIDE/plugins/com.st.stm32cube.ide.mcu.externaltools.gnu-tools-for-stm32.12.3.rel1.win32_1.0.100.202403111256/tools/bin/../lib/gcc/arm-none-eabi/12.3.1/../../../../arm-none-eabi/lib/thumb/v7e-m+fp/hard/crt0.o
LOAD ./Core/Src/Encoder.o
LOAD ./Core/Src/IMM.o
LOAD ./Core/Src/Moving_system.o
LOAD ./Core/Src/PID.o
LOAD ./Core/Src/Structur_Raspberry_Pi.o
LOAD ./Core/Src/Structur_STM.o
LOAD ./Core/Src/main.o
LOAD ./Core/Src/stm32f4xx_hal_msp.o
LOAD ./Core/Src/stm32f4xx_it.o
LOAD ./Core/Src/syscalls.o
LOAD ./Core/Src/sysmem.o
LOAD ./Core/Src/system_stm32f4xx.o
LOAD ./Core/Startup/startup_stm32f407vgtx.o
LOAD ./Drivers/STM32F4xx_HAL_Driver/Src/stm32f4xx_hal.o
LOAD ./Drivers/STM32F4xx_HAL_Driver/Src/stm32f4xx_hal_adc.o
LOAD ./Drivers/STM32F4xx_HAL_Driver/Src/stm32f4xx_hal_adc_ex.o
LOAD ./Drivers/STM32F4xx_HAL_Driver/Src/stm32f4xx_hal_cortex.o
LOAD ./Drivers/STM32F4xx_HAL_Driver/Src/stm32f4xx_hal_dma.o
LOAD ./Drivers/STM32F4xx_HAL_Driver/Src/stm32f4xx_hal_dma_ex.o
LOAD ./Drivers/STM32F4xx_HAL_Driver/Src/stm32f4xx_hal_exti.o
LOAD ./Drivers/STM32F4xx_HAL_Driver/Src/stm32f4xx_hal_flash.o
LOAD ./Drivers/STM32F4xx_HAL_Driver/Src/stm32f4xx_hal_flash_ex.o
LOAD ./Drivers/STM32F4xx_HAL_Driver/Src/stm32f4xx_hal_flash_ramfunc.o
LOAD ./Drivers/STM32F4xx_HAL_Driver/Src/stm32f4xx_hal_gpio.o
LOAD ./Drivers/STM32F4xx_HAL_Driver/Src/stm32f4xx_hal_pwr.o
LOAD ./Drivers/STM32F4xx_HAL_Driver/Src/stm32f4xx_hal_pwr_ex.o
LOAD ./Drivers/STM32F4xx_HAL_Driver/Src/stm32f4xx_hal_rcc.o
LOAD ./Drivers/STM32F4xx_HAL_Driver/Src/stm32f4xx_hal_rcc_ex.o
LOAD ./Drivers/STM32F4xx_HAL_Driver/Src/stm32f4xx_hal_tim.o
LOAD ./Drivers/STM32F4xx_HAL_Driver/Src/stm32f4xx_hal_tim_ex.o
LOAD ./Drivers/STM32F4xx_HAL_Driver/Src/stm32f4xx_hal_uart.o
LOAD ./Drivers/STM32F4xx_HAL_Driver/Src/stm32f4xx_ll_adc.o
START GROUP
LOAD C:/ST/STM32CubeIDE_1.15.0/STM32CubeIDE/plugins/com.st.stm32cube.ide.mcu.externaltools.gnu-tools-for-stm32.12.3.rel1.win32_1.0.100.202403111256/tools/bin/../lib/gcc/arm-none-eabi/12.3.1/../../../../arm-none-eabi/lib/thumb/v7e-m+fp/hard\libc_nano.a
LOAD C:/ST/STM32CubeIDE_1.15.0/STM32CubeIDE/plugins/com.st.stm32cube.ide.mcu.externaltools.gnu-tools-for-stm32.12.3.rel1.win32_1.0.100.202403111256/tools/bin/../lib/gcc/arm-none-eabi/12.3.1/../../../../arm-none-eabi/lib/thumb/v7e-m+fp/hard\libm.a
END GROUP
START GROUP
LOAD C:/ST/STM32CubeIDE_1.15.0/STM32CubeIDE/plugins/com.st.stm32cube.ide.mcu.externaltools.gnu-tools-for-stm32.12.3.rel1.win32_1.0.100.202403111256/tools/bin/../lib/gcc/arm-none-eabi/12.3.1/thumb/v7e-m+fp/hard\libgcc.a
LOAD C:/ST/STM32CubeIDE_1.15.0/STM32CubeIDE/plugins/com.st.stm32cube.ide.mcu.externaltools.gnu-tools-for-stm32.12.3.rel1.win32_1.0.100.202403111256/tools/bin/../lib/gcc/arm-none-eabi/12.3.1/../../../../arm-none-eabi/lib/thumb/v7e-m+fp/hard\libc_nano.a
END GROUP
START GROUP
LOAD C:/ST/STM32CubeIDE_1.15.0/STM32CubeIDE/plugins/com.st.stm32cube.ide.mcu.externaltools.gnu-tools-for-stm32.12.3.rel1.win32_1.0.100.202403111256/tools/bin/../lib/gcc/arm-none-eabi/12.3.1/thumb/v7e-m+fp/hard\libgcc.a
LOAD C:/ST/STM32CubeIDE_1.15.0/STM32CubeIDE/plugins/com.st.stm32cube.ide.mcu.externaltools.gnu-tools-for-stm32.12.3.rel1.win32_1.0.100.202403111256/tools/bin/../lib/gcc/arm-none-eabi/12.3.1/../../../../arm-none-eabi/lib/thumb/v7e-m+fp/hard\libc_nano.a
LOAD C:/ST/STM32CubeIDE_1.15.0/STM32CubeIDE/plugins/com.st.stm32cube.ide.mcu.externaltools.gnu-tools-for-stm32.12.3.rel1.win32_1.0.100.202403111256/tools/bin/../lib/gcc/arm-none-eabi/12.3.1/../../../../arm-none-eabi/lib/thumb/v7e-m+fp/hard\libnosys.a
END GROUP
START GROUP
LOAD C:/ST/STM32CubeIDE_1.15.0/STM32CubeIDE/plugins/com.st.stm32cube.ide.mcu.externaltools.gnu-tools-for-stm32.12.3.rel1.win32_1.0.100.202403111256/tools/bin/../lib/gcc/arm-none-eabi/12.3.1/thumb/v7e-m+fp/hard\libgcc.a
LOAD C:/ST/STM32CubeIDE_1.15.0/STM32CubeIDE/plugins/com.st.stm32cube.ide.mcu.externaltools.gnu-tools-for-stm32.12.3.rel1.win32_1.0.100.202403111256/tools/bin/../lib/gcc/arm-none-eabi/12.3.1/../../../../arm-none-eabi/lib/thumb/v7e-m+fp/hard\libc_nano.a
LOAD C:/ST/STM32CubeIDE_1.15.0/STM32CubeIDE/plugins/com.st.stm32cube.ide.mcu.externaltools.gnu-tools-for-stm32.12.3.rel1.win32_1.0.100.202403111256/tools/bin/../lib/gcc/arm-none-eabi/12.3.1/../../../../arm-none-eabi/lib/thumb/v7e-m+fp/hard\libnosys.a
END GROUP
LOAD C:/ST/STM32CubeIDE_1.15.0/STM32CubeIDE/plugins/com.st.stm32cube.ide.mcu.externaltools.gnu-tools-for-stm32.12.3.rel1.win32_1.0.100.202403111256/tools/bin/../lib/gcc/arm-none-eabi/12.3.1/thumb/v7e-m+fp/hard/crtend.o
LOAD C:/ST/STM32CubeIDE_1.15.0/STM32CubeIDE/plugins/com.st.stm32cube.ide.mcu.externaltools.gnu-tools-for-stm32.12.3.rel1.win32_1.0.100.202403111256/tools/bin/../lib/gcc/arm-none-eabi/12.3.1/thumb/v7e-m+fp/hard/crtn.o
                0x20020000                        _estack = (ORIGIN (RAM) + LENGTH (RAM))
                0x00000200                        _Min_Heap_Size = 0x200
                0x00000400                        _Min_Stack_Size = 0x400

.isr_vector     0x08000000      0x188
                0x08000000                        . = ALIGN (0x4)
 *(.isr_vector)
 .isr_vector    0x08000000      0x188 ./Core/Startup/startup_stm32f407vgtx.o
                0x08000000                g_pfnVectors
                0x08000188                        . = ALIGN (0x4)

.text           0x08000188     0x4a50
                0x08000188                        . = ALIGN (0x4)
 *(.text)
 .text          0x08000188       0x40 C:/ST/STM32CubeIDE_1.15.0/STM32CubeIDE/plugins/com.st.stm32cube.ide.mcu.externaltools.gnu-tools-for-stm32.12.3.rel1.win32_1.0.100.202403111256/tools/bin/../lib/gcc/arm-none-eabi/12.3.1/thumb/v7e-m+fp/hard/crtbegin.o
 .text          0x080001c8       0x30 C:/ST/STM32CubeIDE_1.15.0/STM32CubeIDE/plugins/com.st.stm32cube.ide.mcu.externaltools.gnu-tools-for-stm32.12.3.rel1.win32_1.0.100.202403111256/tools/bin/../lib/gcc/arm-none-eabi/12.3.1/thumb/v7e-m+fp/hard\libgcc.a(_aeabi_uldivmod.o)
                0x080001c8                __aeabi_uldivmod
 .text          0x080001f8      0x2bc C:/ST/STM32CubeIDE_1.15.0/STM32CubeIDE/plugins/com.st.stm32cube.ide.mcu.externaltools.gnu-tools-for-stm32.12.3.rel1.win32_1.0.100.202403111256/tools/bin/../lib/gcc/arm-none-eabi/12.3.1/thumb/v7e-m+fp/hard\libgcc.a(_udivmoddi4.o)
                0x080001f8                __udivmoddi4
 .text          0x080004b4        0x4 C:/ST/STM32CubeIDE_1.15.0/STM32CubeIDE/plugins/com.st.stm32cube.ide.mcu.externaltools.gnu-tools-for-stm32.12.3.rel1.win32_1.0.100.202403111256/tools/bin/../lib/gcc/arm-none-eabi/12.3.1/thumb/v7e-m+fp/hard\libgcc.a(_dvmd_tls.o)
                0x080004b4                __aeabi_idiv0
                0x080004b4                __aeabi_ldiv0
 *(.text*)
 .text.Read_AD_Conversion
                0x080004b8      0x138 ./Core/Src/Moving_system.o
                0x080004b8                Read_AD_Conversion
 .text.Working_area
                0x080005f0       0x6e ./Core/Src/Moving_system.o
                0x080005f0                Working_area
 *fill*         0x0800065e        0x2 
 .text.main     0x08000660      0x1f0 ./Core/Src/main.o
                0x08000660                main
 .text.SystemClock_Config
                0x08000850       0xd4 ./Core/Src/main.o
                0x08000850                SystemClock_Config
 .text.MX_ADC1_Init
                0x08000924       0xa4 ./Core/Src/main.o
 .text.MX_ADC2_Init
                0x080009c8       0xa4 ./Core/Src/main.o
 .text.MX_TIM2_Init
                0x08000a6c       0xb4 ./Core/Src/main.o
 .text.MX_TIM3_Init
                0x08000b20       0xb4 ./Core/Src/main.o
 .text.MX_TIM4_Init
                0x08000bd4       0xa8 ./Core/Src/main.o
 .text.MX_TIM5_Init
                0x08000c7c       0xa8 ./Core/Src/main.o
 .text.MX_USART2_UART_Init
                0x08000d24       0x54 ./Core/Src/main.o
 .text.MX_GPIO_Init
                0x08000d78      0x174 ./Core/Src/main.o
 .text.HAL_UART_RxCpltCallback
                0x08000eec      0x134 ./Core/Src/main.o
                0x08000eec                HAL_UART_RxCpltCallback
 .text.HAL_UART_TxCpltCallback
                0x08001020       0x20 ./Core/Src/main.o
                0x08001020                HAL_UART_TxCpltCallback
 .text.Error_Handler
                0x08001040        0xc ./Core/Src/main.o
                0x08001040                Error_Handler
 .text.HAL_MspInit
                0x0800104c       0x50 ./Core/Src/stm32f4xx_hal_msp.o
                0x0800104c                HAL_MspInit
 .text.HAL_ADC_MspInit
                0x0800109c      0x108 ./Core/Src/stm32f4xx_hal_msp.o
                0x0800109c                HAL_ADC_MspInit
 .text.HAL_TIM_PWM_MspInit
                0x080011a4       0x88 ./Core/Src/stm32f4xx_hal_msp.o
                0x080011a4                HAL_TIM_PWM_MspInit
 .text.HAL_TIM_Encoder_MspInit
                0x0800122c       0xfc ./Core/Src/stm32f4xx_hal_msp.o
                0x0800122c                HAL_TIM_Encoder_MspInit
 .text.HAL_TIM_MspPostInit
                0x08001328       0xbc ./Core/Src/stm32f4xx_hal_msp.o
                0x08001328                HAL_TIM_MspPostInit
 .text.HAL_UART_MspInit
                0x080013e4       0xa0 ./Core/Src/stm32f4xx_hal_msp.o
                0x080013e4                HAL_UART_MspInit
 .text.NMI_Handler
                0x08001484        0x8 ./Core/Src/stm32f4xx_it.o
                0x08001484                NMI_Handler
 .text.HardFault_Handler
                0x0800148c        0x8 ./Core/Src/stm32f4xx_it.o
                0x0800148c                HardFault_Handler
 .text.MemManage_Handler
                0x08001494        0x8 ./Core/Src/stm32f4xx_it.o
                0x08001494                MemManage_Handler
 .text.BusFault_Handler
                0x0800149c        0x8 ./Core/Src/stm32f4xx_it.o
                0x0800149c                BusFault_Handler
 .text.UsageFault_Handler
                0x080014a4        0x8 ./Core/Src/stm32f4xx_it.o
                0x080014a4                UsageFault_Handler
 .text.SVC_Handler
                0x080014ac        0xe ./Core/Src/stm32f4xx_it.o
                0x080014ac                SVC_Handler
 .text.DebugMon_Handler
                0x080014ba        0xe ./Core/Src/stm32f4xx_it.o
                0x080014ba                DebugMon_Handler
 .text.PendSV_Handler
                0x080014c8        0xe ./Core/Src/stm32f4xx_it.o
                0x080014c8                PendSV_Handler
 .text.SysTick_Handler
                0x080014d6        0xc ./Core/Src/stm32f4xx_it.o
                0x080014d6                SysTick_Handler
 *fill*         0x080014e2        0x2 
 .text.ADC_IRQHandler
                0x080014e4       0x1c ./Core/Src/stm32f4xx_it.o
                0x080014e4                ADC_IRQHandler
 .text.TIM2_IRQHandler
                0x08001500       0x14 ./Core/Src/stm32f4xx_it.o
                0x08001500                TIM2_IRQHandler
 .text.TIM3_IRQHandler
                0x08001514       0x14 ./Core/Src/stm32f4xx_it.o
                0x08001514                TIM3_IRQHandler
 .text.USART2_IRQHandler
                0x08001528       0x14 ./Core/Src/stm32f4xx_it.o
                0x08001528                USART2_IRQHandler
 .text.SystemInit
                0x0800153c       0x24 ./Core/Src/system_stm32f4xx.o
                0x0800153c                SystemInit
 .text.Reset_Handler
                0x08001560       0x50 ./Core/Startup/startup_stm32f407vgtx.o
                0x08001560                Reset_Handler
 .text.Default_Handler
                0x080015b0        0x2 ./Core/Startup/startup_stm32f407vgtx.o
                0x080015b0                RTC_Alarm_IRQHandler
                0x080015b0                HASH_RNG_IRQHandler
                0x080015b0                EXTI2_IRQHandler
                0x080015b0                TIM8_CC_IRQHandler
                0x080015b0                TIM1_CC_IRQHandler
                0x080015b0                DMA2_Stream5_IRQHandler
                0x080015b0                DMA1_Stream5_IRQHandler
                0x080015b0                PVD_IRQHandler
                0x080015b0                SDIO_IRQHandler
                0x080015b0                TAMP_STAMP_IRQHandler
                0x080015b0                CAN2_RX1_IRQHandler
                0x080015b0                EXTI3_IRQHandler
                0x080015b0                TIM8_TRG_COM_TIM14_IRQHandler
                0x080015b0                TIM1_UP_TIM10_IRQHandler
                0x080015b0                TIM8_UP_TIM13_IRQHandler
                0x080015b0                I2C3_ER_IRQHandler
                0x080015b0                EXTI0_IRQHandler
                0x080015b0                I2C2_EV_IRQHandler
                0x080015b0                DMA1_Stream2_IRQHandler
                0x080015b0                CAN1_RX0_IRQHandler
                0x080015b0                FPU_IRQHandler
                0x080015b0                OTG_HS_WKUP_IRQHandler
                0x080015b0                CAN2_SCE_IRQHandler
                0x080015b0                DMA2_Stream2_IRQHandler
                0x080015b0                SPI1_IRQHandler
                0x080015b0                TIM6_DAC_IRQHandler
                0x080015b0                TIM1_BRK_TIM9_IRQHandler
                0x080015b0                DCMI_IRQHandler
                0x080015b0                CAN2_RX0_IRQHandler
                0x080015b0                DMA2_Stream3_IRQHandler
                0x080015b0                USART6_IRQHandler
                0x080015b0                USART3_IRQHandler
                0x080015b0                CAN1_RX1_IRQHandler
                0x080015b0                UART5_IRQHandler
                0x080015b0                DMA2_Stream0_IRQHandler
                0x080015b0                TIM4_IRQHandler
                0x080015b0                I2C1_EV_IRQHandler
                0x080015b0                DMA1_Stream6_IRQHandler
                0x080015b0                DMA1_Stream1_IRQHandler
                0x080015b0                UART4_IRQHandler
                0x080015b0                RCC_IRQHandler
                0x080015b0                TIM8_BRK_TIM12_IRQHandler
                0x080015b0                Default_Handler
                0x080015b0                EXTI15_10_IRQHandler
                0x080015b0                DMA1_Stream7_IRQHandler
                0x080015b0                TIM7_IRQHandler
                0x080015b0                CAN2_TX_IRQHandler
                0x080015b0                TIM5_IRQHandler
                0x080015b0                DMA2_Stream7_IRQHandler
                0x080015b0                I2C3_EV_IRQHandler
                0x080015b0                EXTI9_5_IRQHandler
                0x080015b0                RTC_WKUP_IRQHandler
                0x080015b0                ETH_WKUP_IRQHandler
                0x080015b0                SPI2_IRQHandler
                0x080015b0                OTG_HS_EP1_IN_IRQHandler
                0x080015b0                DMA1_Stream0_IRQHandler
                0x080015b0                CAN1_TX_IRQHandler
                0x080015b0                EXTI4_IRQHandler
                0x080015b0                FSMC_IRQHandler
                0x080015b0                ETH_IRQHandler
                0x080015b0                OTG_HS_EP1_OUT_IRQHandler
                0x080015b0                WWDG_IRQHandler
                0x080015b0                OTG_FS_WKUP_IRQHandler
                0x080015b0                TIM1_TRG_COM_TIM11_IRQHandler
                0x080015b0                OTG_HS_IRQHandler
                0x080015b0                EXTI1_IRQHandler
                0x080015b0                I2C2_ER_IRQHandler
                0x080015b0                DMA2_Stream1_IRQHandler
                0x080015b0                CAN1_SCE_IRQHandler
                0x080015b0                FLASH_IRQHandler
                0x080015b0                DMA2_Stream4_IRQHandler
                0x080015b0                USART1_IRQHandler
                0x080015b0                OTG_FS_IRQHandler
                0x080015b0                SPI3_IRQHandler
                0x080015b0                DMA1_Stream4_IRQHandler
                0x080015b0                I2C1_ER_IRQHandler
                0x080015b0                DMA2_Stream6_IRQHandler
                0x080015b0                DMA1_Stream3_IRQHandler
 *fill*         0x080015b2        0x2 
 .text.HAL_Init
                0x080015b4       0x44 ./Drivers/STM32F4xx_HAL_Driver/Src/stm32f4xx_hal.o
                0x080015b4                HAL_Init
 .text.HAL_InitTick
                0x080015f8       0x60 ./Drivers/STM32F4xx_HAL_Driver/Src/stm32f4xx_hal.o
                0x080015f8                HAL_InitTick
 .text.HAL_IncTick
                0x08001658       0x28 ./Drivers/STM32F4xx_HAL_Driver/Src/stm32f4xx_hal.o
                0x08001658                HAL_IncTick
 .text.HAL_GetTick
                0x08001680       0x18 ./Drivers/STM32F4xx_HAL_Driver/Src/stm32f4xx_hal.o
                0x08001680                HAL_GetTick
 .text.HAL_ADC_Init
                0x08001698       0x86 ./Drivers/STM32F4xx_HAL_Driver/Src/stm32f4xx_hal_adc.o
                0x08001698                HAL_ADC_Init
 *fill*         0x0800171e        0x2 
 .text.HAL_ADC_Start
                0x08001720      0x1a4 ./Drivers/STM32F4xx_HAL_Driver/Src/stm32f4xx_hal_adc.o
                0x08001720                HAL_ADC_Start
 .text.HAL_ADC_Stop
                0x080018c4       0x66 ./Drivers/STM32F4xx_HAL_Driver/Src/stm32f4xx_hal_adc.o
                0x080018c4                HAL_ADC_Stop
 .text.HAL_ADC_PollForConversion
                0x0800192a      0x116 ./Drivers/STM32F4xx_HAL_Driver/Src/stm32f4xx_hal_adc.o
                0x0800192a                HAL_ADC_PollForConversion
 .text.HAL_ADC_IRQHandler
                0x08001a40      0x220 ./Drivers/STM32F4xx_HAL_Driver/Src/stm32f4xx_hal_adc.o
                0x08001a40                HAL_ADC_IRQHandler
 .text.HAL_ADC_GetValue
                0x08001c60       0x1a ./Drivers/STM32F4xx_HAL_Driver/Src/stm32f4xx_hal_adc.o
                0x08001c60                HAL_ADC_GetValue
 .text.HAL_ADC_ConvCpltCallback
                0x08001c7a       0x14 ./Drivers/STM32F4xx_HAL_Driver/Src/stm32f4xx_hal_adc.o
                0x08001c7a                HAL_ADC_ConvCpltCallback
 .text.HAL_ADC_LevelOutOfWindowCallback
                0x08001c8e       0x14 ./Drivers/STM32F4xx_HAL_Driver/Src/stm32f4xx_hal_adc.o
                0x08001c8e                HAL_ADC_LevelOutOfWindowCallback
 .text.HAL_ADC_ErrorCallback
                0x08001ca2       0x14 ./Drivers/STM32F4xx_HAL_Driver/Src/stm32f4xx_hal_adc.o
                0x08001ca2                HAL_ADC_ErrorCallback
 *fill*         0x08001cb6        0x2 
 .text.HAL_ADC_ConfigChannel
                0x08001cb8      0x244 ./Drivers/STM32F4xx_HAL_Driver/Src/stm32f4xx_hal_adc.o
                0x08001cb8                HAL_ADC_ConfigChannel
 .text.ADC_Init
                0x08001efc      0x1f8 ./Drivers/STM32F4xx_HAL_Driver/Src/stm32f4xx_hal_adc.o
 .text.HAL_ADCEx_InjectedConvCpltCallback
                0x080020f4       0x14 ./Drivers/STM32F4xx_HAL_Driver/Src/stm32f4xx_hal_adc_ex.o
                0x080020f4                HAL_ADCEx_InjectedConvCpltCallback
 .text.__NVIC_SetPriorityGrouping
                0x08002108       0x48 ./Drivers/STM32F4xx_HAL_Driver/Src/stm32f4xx_hal_cortex.o
 .text.__NVIC_GetPriorityGrouping
                0x08002150       0x1c ./Drivers/STM32F4xx_HAL_Driver/Src/stm32f4xx_hal_cortex.o
 .text.__NVIC_EnableIRQ
                0x0800216c       0x3c ./Drivers/STM32F4xx_HAL_Driver/Src/stm32f4xx_hal_cortex.o
 .text.__NVIC_SetPriority
                0x080021a8       0x54 ./Drivers/STM32F4xx_HAL_Driver/Src/stm32f4xx_hal_cortex.o
 .text.NVIC_EncodePriority
                0x080021fc       0x66 ./Drivers/STM32F4xx_HAL_Driver/Src/stm32f4xx_hal_cortex.o
 *fill*         0x08002262        0x2 
 .text.SysTick_Config
                0x08002264       0x44 ./Drivers/STM32F4xx_HAL_Driver/Src/stm32f4xx_hal_cortex.o
 .text.HAL_NVIC_SetPriorityGrouping
                0x080022a8       0x16 ./Drivers/STM32F4xx_HAL_Driver/Src/stm32f4xx_hal_cortex.o
                0x080022a8                HAL_NVIC_SetPriorityGrouping
 .text.HAL_NVIC_SetPriority
                0x080022be       0x38 ./Drivers/STM32F4xx_HAL_Driver/Src/stm32f4xx_hal_cortex.o
                0x080022be                HAL_NVIC_SetPriority
 .text.HAL_NVIC_EnableIRQ
                0x080022f6       0x1c ./Drivers/STM32F4xx_HAL_Driver/Src/stm32f4xx_hal_cortex.o
                0x080022f6                HAL_NVIC_EnableIRQ
 .text.HAL_SYSTICK_Config
                0x08002312       0x18 ./Drivers/STM32F4xx_HAL_Driver/Src/stm32f4xx_hal_cortex.o
                0x08002312                HAL_SYSTICK_Config
 .text.HAL_DMA_Abort
                0x0800232a       0xe0 ./Drivers/STM32F4xx_HAL_Driver/Src/stm32f4xx_hal_dma.o
                0x0800232a                HAL_DMA_Abort
 .text.HAL_DMA_Abort_IT
                0x0800240a       0x44 ./Drivers/STM32F4xx_HAL_Driver/Src/stm32f4xx_hal_dma.o
                0x0800240a                HAL_DMA_Abort_IT
 *fill*         0x0800244e        0x2 
 .text.HAL_GPIO_Init
                0x08002450      0x338 ./Drivers/STM32F4xx_HAL_Driver/Src/stm32f4xx_hal_gpio.o
                0x08002450                HAL_GPIO_Init
 .text.HAL_GPIO_WritePin
                0x08002788       0x32 ./Drivers/STM32F4xx_HAL_Driver/Src/stm32f4xx_hal_gpio.o
                0x08002788                HAL_GPIO_WritePin
 *fill*         0x080027ba        0x2 
 .text.HAL_RCC_OscConfig
                0x080027bc      0x4f0 ./Drivers/STM32F4xx_HAL_Driver/Src/stm32f4xx_hal_rcc.o
                0x080027bc                HAL_RCC_OscConfig
 .text.HAL_RCC_ClockConfig
                0x08002cac      0x1cc ./Drivers/STM32F4xx_HAL_Driver/Src/stm32f4xx_hal_rcc.o
                0x08002cac                HAL_RCC_ClockConfig
 .text.HAL_RCC_GetSysClockFreq
                0x08002e78      0x20c ./Drivers/STM32F4xx_HAL_Driver/Src/stm32f4xx_hal_rcc.o
                0x08002e78                HAL_RCC_GetSysClockFreq
 .text.HAL_RCC_GetHCLKFreq
                0x08003084       0x18 ./Drivers/STM32F4xx_HAL_Driver/Src/stm32f4xx_hal_rcc.o
                0x08003084                HAL_RCC_GetHCLKFreq
 .text.HAL_RCC_GetPCLK1Freq
                0x0800309c       0x28 ./Drivers/STM32F4xx_HAL_Driver/Src/stm32f4xx_hal_rcc.o
                0x0800309c                HAL_RCC_GetPCLK1Freq
 .text.HAL_RCC_GetPCLK2Freq
                0x080030c4       0x28 ./Drivers/STM32F4xx_HAL_Driver/Src/stm32f4xx_hal_rcc.o
                0x080030c4                HAL_RCC_GetPCLK2Freq
 .text.HAL_TIM_PWM_Init
                0x080030ec       0x9e ./Drivers/STM32F4xx_HAL_Driver/Src/stm32f4xx_hal_tim.o
                0x080030ec                HAL_TIM_PWM_Init
 .text.HAL_TIM_Encoder_Init
                0x0800318a      0x14c ./Drivers/STM32F4xx_HAL_Driver/Src/stm32f4xx_hal_tim.o
                0x0800318a                HAL_TIM_Encoder_Init
 .text.HAL_TIM_IRQHandler
                0x080032d6      0x1e0 ./Drivers/STM32F4xx_HAL_Driver/Src/stm32f4xx_hal_tim.o
                0x080032d6                HAL_TIM_IRQHandler
 *fill*         0x080034b6        0x2 
 .text.HAL_TIM_PWM_ConfigChannel
                0x080034b8      0x184 ./Drivers/STM32F4xx_HAL_Driver/Src/stm32f4xx_hal_tim.o
                0x080034b8                HAL_TIM_PWM_ConfigChannel
 .text.HAL_TIM_PeriodElapsedCallback
                0x0800363c       0x14 ./Drivers/STM32F4xx_HAL_Driver/Src/stm32f4xx_hal_tim.o
                0x0800363c                HAL_TIM_PeriodElapsedCallback
 .text.HAL_TIM_OC_DelayElapsedCallback
                0x08003650       0x14 ./Drivers/STM32F4xx_HAL_Driver/Src/stm32f4xx_hal_tim.o
                0x08003650                HAL_TIM_OC_DelayElapsedCallback
 .text.HAL_TIM_IC_CaptureCallback
                0x08003664       0x14 ./Drivers/STM32F4xx_HAL_Driver/Src/stm32f4xx_hal_tim.o
                0x08003664                HAL_TIM_IC_CaptureCallback
 .text.HAL_TIM_PWM_PulseFinishedCallback
                0x08003678       0x14 ./Drivers/STM32F4xx_HAL_Driver/Src/stm32f4xx_hal_tim.o
                0x08003678                HAL_TIM_PWM_PulseFinishedCallback
 .text.HAL_TIM_TriggerCallback
                0x0800368c       0x14 ./Drivers/STM32F4xx_HAL_Driver/Src/stm32f4xx_hal_tim.o
                0x0800368c                HAL_TIM_TriggerCallback
 .text.TIM_Base_SetConfig
                0x080036a0      0x14c ./Drivers/STM32F4xx_HAL_Driver/Src/stm32f4xx_hal_tim.o
                0x080036a0                TIM_Base_SetConfig
 .text.TIM_OC1_SetConfig
                0x080037ec       0xe0 ./Drivers/STM32F4xx_HAL_Driver/Src/stm32f4xx_hal_tim.o
 .text.TIM_OC2_SetConfig
                0x080038cc       0xec ./Drivers/STM32F4xx_HAL_Driver/Src/stm32f4xx_hal_tim.o
                0x080038cc                TIM_OC2_SetConfig
 .text.TIM_OC3_SetConfig
                0x080039b8       0xe8 ./Drivers/STM32F4xx_HAL_Driver/Src/stm32f4xx_hal_tim.o
 .text.TIM_OC4_SetConfig
                0x08003aa0       0xac ./Drivers/STM32F4xx_HAL_Driver/Src/stm32f4xx_hal_tim.o
 .text.HAL_TIMEx_MasterConfigSynchronization
                0x08003b4c       0xf8 ./Drivers/STM32F4xx_HAL_Driver/Src/stm32f4xx_hal_tim_ex.o
                0x08003b4c                HAL_TIMEx_MasterConfigSynchronization
 .text.HAL_TIMEx_CommutCallback
                0x08003c44       0x14 ./Drivers/STM32F4xx_HAL_Driver/Src/stm32f4xx_hal_tim_ex.o
                0x08003c44                HAL_TIMEx_CommutCallback
 .text.HAL_TIMEx_BreakCallback
                0x08003c58       0x14 ./Drivers/STM32F4xx_HAL_Driver/Src/stm32f4xx_hal_tim_ex.o
                0x08003c58                HAL_TIMEx_BreakCallback
 .text.HAL_UART_Init
                0x08003c6c       0xa0 ./Drivers/STM32F4xx_HAL_Driver/Src/stm32f4xx_hal_uart.o
                0x08003c6c                HAL_UART_Init
 .text.HAL_UART_Receive_IT
                0x08003d0c       0x4a ./Drivers/STM32F4xx_HAL_Driver/Src/stm32f4xx_hal_uart.o
                0x08003d0c                HAL_UART_Receive_IT
 *fill*         0x08003d56        0x2 
 .text.HAL_UART_IRQHandler
                0x08003d58      0x554 ./Drivers/STM32F4xx_HAL_Driver/Src/stm32f4xx_hal_uart.o
                0x08003d58                HAL_UART_IRQHandler
 .text.HAL_UART_ErrorCallback
                0x080042ac       0x14 ./Drivers/STM32F4xx_HAL_Driver/Src/stm32f4xx_hal_uart.o
                0x080042ac                HAL_UART_ErrorCallback
 .text.HAL_UARTEx_RxEventCallback
                0x080042c0       0x18 ./Drivers/STM32F4xx_HAL_Driver/Src/stm32f4xx_hal_uart.o
                0x080042c0                HAL_UARTEx_RxEventCallback
 .text.UART_Start_Receive_IT
                0x080042d8       0x74 ./Drivers/STM32F4xx_HAL_Driver/Src/stm32f4xx_hal_uart.o
                0x080042d8                UART_Start_Receive_IT
 .text.UART_EndRxTransfer
                0x0800434c       0xc6 ./Drivers/STM32F4xx_HAL_Driver/Src/stm32f4xx_hal_uart.o
 .text.UART_DMAAbortOnError
                0x08004412       0x22 ./Drivers/STM32F4xx_HAL_Driver/Src/stm32f4xx_hal_uart.o
 .text.UART_Transmit_IT
                0x08004434       0xa0 ./Drivers/STM32F4xx_HAL_Driver/Src/stm32f4xx_hal_uart.o
 .text.UART_EndTransmit_IT
                0x080044d4       0x30 ./Drivers/STM32F4xx_HAL_Driver/Src/stm32f4xx_hal_uart.o
 .text.UART_Receive_IT
                0x08004504      0x17c ./Drivers/STM32F4xx_HAL_Driver/Src/stm32f4xx_hal_uart.o
 .text.UART_SetConfig
                0x08004680      0x4e8 ./Drivers/STM32F4xx_HAL_Driver/Src/stm32f4xx_hal_uart.o
 .text.memset   0x08004b68       0x10 C:/ST/STM32CubeIDE_1.15.0/STM32CubeIDE/plugins/com.st.stm32cube.ide.mcu.externaltools.gnu-tools-for-stm32.12.3.rel1.win32_1.0.100.202403111256/tools/bin/../lib/gcc/arm-none-eabi/12.3.1/../../../../arm-none-eabi/lib/thumb/v7e-m+fp/hard\libc_nano.a(libc_a-memset.o)
                0x08004b68                memset
 .text.__libc_init_array
                0x08004b78       0x48 C:/ST/STM32CubeIDE_1.15.0/STM32CubeIDE/plugins/com.st.stm32cube.ide.mcu.externaltools.gnu-tools-for-stm32.12.3.rel1.win32_1.0.100.202403111256/tools/bin/../lib/gcc/arm-none-eabi/12.3.1/../../../../arm-none-eabi/lib/thumb/v7e-m+fp/hard\libc_nano.a(libc_a-init.o)
                0x08004b78                __libc_init_array
 *(.glue_7)
 .glue_7        0x08004bc0        0x0 linker stubs
 *(.glue_7t)
 .glue_7t       0x08004bc0        0x0 linker stubs
 *(.eh_frame)
 .eh_frame      0x08004bc0        0x0 C:/ST/STM32CubeIDE_1.15.0/STM32CubeIDE/plugins/com.st.stm32cube.ide.mcu.externaltools.gnu-tools-for-stm32.12.3.rel1.win32_1.0.100.202403111256/tools/bin/../lib/gcc/arm-none-eabi/12.3.1/thumb/v7e-m+fp/hard/crtbegin.o
 *(.init)
 .init          0x08004bc0        0x4 C:/ST/STM32CubeIDE_1.15.0/STM32CubeIDE/plugins/com.st.stm32cube.ide.mcu.externaltools.gnu-tools-for-stm32.12.3.rel1.win32_1.0.100.202403111256/tools/bin/../lib/gcc/arm-none-eabi/12.3.1/thumb/v7e-m+fp/hard/crti.o
                0x08004bc0                _init
 .init          0x08004bc4        0x8 C:/ST/STM32CubeIDE_1.15.0/STM32CubeIDE/plugins/com.st.stm32cube.ide.mcu.externaltools.gnu-tools-for-stm32.12.3.rel1.win32_1.0.100.202403111256/tools/bin/../lib/gcc/arm-none-eabi/12.3.1/thumb/v7e-m+fp/hard/crtn.o
 *(.fini)
 .fini          0x08004bcc        0x4 C:/ST/STM32CubeIDE_1.15.0/STM32CubeIDE/plugins/com.st.stm32cube.ide.mcu.externaltools.gnu-tools-for-stm32.12.3.rel1.win32_1.0.100.202403111256/tools/bin/../lib/gcc/arm-none-eabi/12.3.1/thumb/v7e-m+fp/hard/crti.o
                0x08004bcc                _fini
 .fini          0x08004bd0        0x8 C:/ST/STM32CubeIDE_1.15.0/STM32CubeIDE/plugins/com.st.stm32cube.ide.mcu.externaltools.gnu-tools-for-stm32.12.3.rel1.win32_1.0.100.202403111256/tools/bin/../lib/gcc/arm-none-eabi/12.3.1/thumb/v7e-m+fp/hard/crtn.o
                0x08004bd8                        . = ALIGN (0x4)
                0x08004bd8                        _etext = .

.vfp11_veneer   0x08004bd8        0x0
 .vfp11_veneer  0x08004bd8        0x0 linker stubs

.v4_bx          0x08004bd8        0x0
 .v4_bx         0x08004bd8        0x0 linker stubs

.iplt           0x08004bd8        0x0
 .iplt          0x08004bd8        0x0 C:/ST/STM32CubeIDE_1.15.0/STM32CubeIDE/plugins/com.st.stm32cube.ide.mcu.externaltools.gnu-tools-for-stm32.12.3.rel1.win32_1.0.100.202403111256/tools/bin/../lib/gcc/arm-none-eabi/12.3.1/thumb/v7e-m+fp/hard/crtbegin.o

.rodata         0x08004bd8       0x18
                0x08004bd8                        . = ALIGN (0x4)
 *(.rodata)
 *(.rodata*)
 .rodata.AHBPrescTable
                0x08004bd8       0x10 ./Core/Src/system_stm32f4xx.o
                0x08004bd8                AHBPrescTable
 .rodata.APBPrescTable
                0x08004be8        0x8 ./Core/Src/system_stm32f4xx.o
                0x08004be8                APBPrescTable
                0x08004bf0                        . = ALIGN (0x4)

.ARM.extab      0x08004bf0        0x0
                0x08004bf0                        . = ALIGN (0x4)
 *(.ARM.extab* .gnu.linkonce.armextab.*)
                0x08004bf0                        . = ALIGN (0x4)

.ARM            0x08004bf0        0x8
                0x08004bf0                        . = ALIGN (0x4)
                0x08004bf0                        __exidx_start = .
 *(.ARM.exidx*)
 .ARM.exidx     0x08004bf0        0x8 C:/ST/STM32CubeIDE_1.15.0/STM32CubeIDE/plugins/com.st.stm32cube.ide.mcu.externaltools.gnu-tools-for-stm32.12.3.rel1.win32_1.0.100.202403111256/tools/bin/../lib/gcc/arm-none-eabi/12.3.1/thumb/v7e-m+fp/hard\libgcc.a(_udivmoddi4.o)
                0x08004bf8                        __exidx_end = .
                0x08004bf8                        . = ALIGN (0x4)

.preinit_array  0x08004bf8        0x0
                0x08004bf8                        . = ALIGN (0x4)
                0x08004bf8                        PROVIDE (__preinit_array_start = .)
 *(.preinit_array*)
                0x08004bf8                        PROVIDE (__preinit_array_end = .)
                0x08004bf8                        . = ALIGN (0x4)

.init_array     0x08004bf8        0x4
                0x08004bf8                        . = ALIGN (0x4)
                0x08004bf8                        PROVIDE (__init_array_start = .)
 *(SORT_BY_NAME(.init_array.*))
 *(.init_array*)
 .init_array    0x08004bf8        0x4 C:/ST/STM32CubeIDE_1.15.0/STM32CubeIDE/plugins/com.st.stm32cube.ide.mcu.externaltools.gnu-tools-for-stm32.12.3.rel1.win32_1.0.100.202403111256/tools/bin/../lib/gcc/arm-none-eabi/12.3.1/thumb/v7e-m+fp/hard/crtbegin.o
                0x08004bfc                        PROVIDE (__init_array_end = .)
                0x08004bfc                        . = ALIGN (0x4)

.fini_array     0x08004bfc        0x4
                0x08004bfc                        . = ALIGN (0x4)
                [!provide]                        PROVIDE (__fini_array_start = .)
 *(SORT_BY_NAME(.fini_array.*))
 *(.fini_array*)
 .fini_array    0x08004bfc        0x4 C:/ST/STM32CubeIDE_1.15.0/STM32CubeIDE/plugins/com.st.stm32cube.ide.mcu.externaltools.gnu-tools-for-stm32.12.3.rel1.win32_1.0.100.202403111256/tools/bin/../lib/gcc/arm-none-eabi/12.3.1/thumb/v7e-m+fp/hard/crtbegin.o
                [!provide]                        PROVIDE (__fini_array_end = .)
                0x08004c00                        . = ALIGN (0x4)
                0x08004c00                        _sidata = LOADADDR (.data)

.rel.dyn        0x08004c00        0x0
 .rel.iplt      0x08004c00        0x0 C:/ST/STM32CubeIDE_1.15.0/STM32CubeIDE/plugins/com.st.stm32cube.ide.mcu.externaltools.gnu-tools-for-stm32.12.3.rel1.win32_1.0.100.202403111256/tools/bin/../lib/gcc/arm-none-eabi/12.3.1/thumb/v7e-m+fp/hard/crtbegin.o

.data           0x20000000      0x138 load address 0x08004c00
                0x20000000                        . = ALIGN (0x4)
                0x20000000                        _sdata = .
 *(.data)
 *(.data*)
 .data.PID_AZ   0x20000000       0x18 ./Core/Src/PID.o
                0x20000000                PID_AZ
 .data.PID_EL   0x20000018       0x18 ./Core/Src/PID.o
                0x20000018                PID_EL
 .data.Target   0x20000030       0x30 ./Core/Src/Structur_Raspberry_Pi.o
                0x20000030                Target
 .data.Motor_AZ
                0x20000060       0x64 ./Core/Src/Structur_STM.o
                0x20000060                Motor_AZ
 .data.Motor_EL
                0x200000c4       0x64 ./Core/Src/Structur_STM.o
                0x200000c4                Motor_EL
 .data.Working_zon_AZ
                0x20000128        0x1 ./Core/Src/main.o
                0x20000128                Working_zon_AZ
 .data.Working_zon_EL
                0x20000129        0x1 ./Core/Src/main.o
                0x20000129                Working_zon_EL
 *fill*         0x2000012a        0x2 
 .data.SystemCoreClock
                0x2000012c        0x4 ./Core/Src/system_stm32f4xx.o
                0x2000012c                SystemCoreClock
 .data.uwTickPrio
                0x20000130        0x4 ./Drivers/STM32F4xx_HAL_Driver/Src/stm32f4xx_hal.o
                0x20000130                uwTickPrio
 .data.uwTickFreq
                0x20000134        0x1 ./Drivers/STM32F4xx_HAL_Driver/Src/stm32f4xx_hal.o
                0x20000134                uwTickFreq
 *(.RamFunc)
 *(.RamFunc*)
                0x20000138                        . = ALIGN (0x4)
 *fill*         0x20000135        0x3 
                0x20000138                        _edata = .
                0x08004d38                        _siccmram = LOADADDR (.ccmram)

.igot.plt       0x20000138        0x0 load address 0x08004d38
 .igot.plt      0x20000138        0x0 C:/ST/STM32CubeIDE_1.15.0/STM32CubeIDE/plugins/com.st.stm32cube.ide.mcu.externaltools.gnu-tools-for-stm32.12.3.rel1.win32_1.0.100.202403111256/tools/bin/../lib/gcc/arm-none-eabi/12.3.1/thumb/v7e-m+fp/hard/crtbegin.o

.ccmram         0x10000000        0x0 load address 0x08004d38
                0x10000000                        . = ALIGN (0x4)
                0x10000000                        _sccmram = .
 *(.ccmram)
 *(.ccmram*)
                0x10000000                        . = ALIGN (0x4)
                0x10000000                        _eccmram = .
                0x10000000                        . = ALIGN (0x4)

.bss            0x20000138      0x250
                0x20000138                        _sbss = .
                0x20000138                        __bss_start__ = _sbss
 *(.bss)
 .bss           0x20000138       0x1c C:/ST/STM32CubeIDE_1.15.0/STM32CubeIDE/plugins/com.st.stm32cube.ide.mcu.externaltools.gnu-tools-for-stm32.12.3.rel1.win32_1.0.100.202403111256/tools/bin/../lib/gcc/arm-none-eabi/12.3.1/thumb/v7e-m+fp/hard/crtbegin.o
 *(.bss*)
 .bss.hadc1     0x20000154       0x48 ./Core/Src/main.o
                0x20000154                hadc1
 .bss.hadc2     0x2000019c       0x48 ./Core/Src/main.o
                0x2000019c                hadc2
 .bss.htim2     0x200001e4       0x48 ./Core/Src/main.o
                0x200001e4                htim2
 .bss.htim3     0x2000022c       0x48 ./Core/Src/main.o
                0x2000022c                htim3
 .bss.htim4     0x20000274       0x48 ./Core/Src/main.o
                0x20000274                htim4
 .bss.htim5     0x200002bc       0x48 ./Core/Src/main.o
                0x200002bc                htim5
 .bss.huart2    0x20000304       0x48 ./Core/Src/main.o
                0x20000304                huart2
 .bss.Size_Rx_UART
                0x2000034c        0x4 ./Core/Src/main.o
                0x2000034c                Size_Rx_UART
 .bss.Size_Tx_UART
                0x20000350        0x4 ./Core/Src/main.o
                0x20000350                Size_Tx_UART
 .bss.freq_az   0x20000354        0x4 ./Core/Src/main.o
                0x20000354                freq_az
 .bss.freq_el   0x20000358        0x4 ./Core/Src/main.o
                0x20000358                freq_el
 .bss.See_buffer_UART
                0x2000035c       0x15 ./Core/Src/main.o
                0x2000035c                See_buffer_UART
 *fill*         0x20000371        0x3 
 .bss.Angular_AZ
                0x20000374        0x4 ./Core/Src/main.o
                0x20000374                Angular_AZ
 .bss.Angular_EL
                0x20000378        0x4 ./Core/Src/main.o
                0x20000378                Angular_EL
 .bss.Level_AZ  0x2000037c        0x4 ./Core/Src/main.o
                0x2000037c                Level_AZ
 .bss.Level_EL  0x20000380        0x4 ./Core/Src/main.o
                0x20000380                Level_EL
 .bss.uwTick    0x20000384        0x4 ./Drivers/STM32F4xx_HAL_Driver/Src/stm32f4xx_hal.o
                0x20000384                uwTick
 *(COMMON)
                0x20000388                        . = ALIGN (0x4)
                0x20000388                        _ebss = .
                0x20000388                        __bss_end__ = _ebss

._user_heap_stack
                0x20000388      0x600
                0x20000388                        . = ALIGN (0x8)
                [!provide]                        PROVIDE (end = .)
                0x20000388                        PROVIDE (_end = .)
                0x20000588                        . = (. + _Min_Heap_Size)
 *fill*         0x20000388      0x200 
                0x20000988                        . = (. + _Min_Stack_Size)
 *fill*         0x20000588      0x400 
                0x20000988                        . = ALIGN (0x8)

/DISCARD/
 libc.a(*)
 libm.a(*)
 libgcc.a(*)

.ARM.attributes
                0x00000000       0x30
 *(.ARM.attributes)
 .ARM.attributes
                0x00000000       0x22 C:/ST/STM32CubeIDE_1.15.0/STM32CubeIDE/plugins/com.st.stm32cube.ide.mcu.externaltools.gnu-tools-for-stm32.12.3.rel1.win32_1.0.100.202403111256/tools/bin/../lib/gcc/arm-none-eabi/12.3.1/thumb/v7e-m+fp/hard/crti.o
 .ARM.attributes
                0x00000022       0x34 C:/ST/STM32CubeIDE_1.15.0/STM32CubeIDE/plugins/com.st.stm32cube.ide.mcu.externaltools.gnu-tools-for-stm32.12.3.rel1.win32_1.0.100.202403111256/tools/bin/../lib/gcc/arm-none-eabi/12.3.1/thumb/v7e-m+fp/hard/crtbegin.o
 .ARM.attributes
                0x00000056       0x34 ./Core/Src/Moving_system.o
 .ARM.attributes
                0x0000008a       0x34 ./Core/Src/PID.o
 .ARM.attributes
                0x000000be       0x34 ./Core/Src/Structur_Raspberry_Pi.o
 .ARM.attributes
                0x000000f2       0x34 ./Core/Src/Structur_STM.o
 .ARM.attributes
                0x00000126       0x34 ./Core/Src/main.o
 .ARM.attributes
                0x0000015a       0x34 ./Core/Src/stm32f4xx_hal_msp.o
 .ARM.attributes
                0x0000018e       0x34 ./Core/Src/stm32f4xx_it.o
 .ARM.attributes
                0x000001c2       0x34 ./Core/Src/system_stm32f4xx.o
 .ARM.attributes
                0x000001f6       0x21 ./Core/Startup/startup_stm32f407vgtx.o
 .ARM.attributes
                0x00000217       0x34 ./Drivers/STM32F4xx_HAL_Driver/Src/stm32f4xx_hal.o
 .ARM.attributes
                0x0000024b       0x34 ./Drivers/STM32F4xx_HAL_Driver/Src/stm32f4xx_hal_adc.o
 .ARM.attributes
                0x0000027f       0x34 ./Drivers/STM32F4xx_HAL_Driver/Src/stm32f4xx_hal_adc_ex.o
 .ARM.attributes
                0x000002b3       0x34 ./Drivers/STM32F4xx_HAL_Driver/Src/stm32f4xx_hal_cortex.o
 .ARM.attributes
                0x000002e7       0x34 ./Drivers/STM32F4xx_HAL_Driver/Src/stm32f4xx_hal_dma.o
 .ARM.attributes
                0x0000031b       0x34 ./Drivers/STM32F4xx_HAL_Driver/Src/stm32f4xx_hal_gpio.o
 .ARM.attributes
                0x0000034f       0x34 ./Drivers/STM32F4xx_HAL_Driver/Src/stm32f4xx_hal_rcc.o
 .ARM.attributes
                0x00000383       0x34 ./Drivers/STM32F4xx_HAL_Driver/Src/stm32f4xx_hal_tim.o
 .ARM.attributes
                0x000003b7       0x34 ./Drivers/STM32F4xx_HAL_Driver/Src/stm32f4xx_hal_tim_ex.o
 .ARM.attributes
                0x000003eb       0x34 ./Drivers/STM32F4xx_HAL_Driver/Src/stm32f4xx_hal_uart.o
 .ARM.attributes
                0x0000041f       0x34 C:/ST/STM32CubeIDE_1.15.0/STM32CubeIDE/plugins/com.st.stm32cube.ide.mcu.externaltools.gnu-tools-for-stm32.12.3.rel1.win32_1.0.100.202403111256/tools/bin/../lib/gcc/arm-none-eabi/12.3.1/../../../../arm-none-eabi/lib/thumb/v7e-m+fp/hard\libc_nano.a(libc_a-memset.o)
 .ARM.attributes
                0x00000453       0x34 C:/ST/STM32CubeIDE_1.15.0/STM32CubeIDE/plugins/com.st.stm32cube.ide.mcu.externaltools.gnu-tools-for-stm32.12.3.rel1.win32_1.0.100.202403111256/tools/bin/../lib/gcc/arm-none-eabi/12.3.1/../../../../arm-none-eabi/lib/thumb/v7e-m+fp/hard\libc_nano.a(libc_a-init.o)
 .ARM.attributes
                0x00000487       0x22 C:/ST/STM32CubeIDE_1.15.0/STM32CubeIDE/plugins/com.st.stm32cube.ide.mcu.externaltools.gnu-tools-for-stm32.12.3.rel1.win32_1.0.100.202403111256/tools/bin/../lib/gcc/arm-none-eabi/12.3.1/thumb/v7e-m+fp/hard\libgcc.a(_aeabi_uldivmod.o)
 .ARM.attributes
                0x000004a9       0x34 C:/ST/STM32CubeIDE_1.15.0/STM32CubeIDE/plugins/com.st.stm32cube.ide.mcu.externaltools.gnu-tools-for-stm32.12.3.rel1.win32_1.0.100.202403111256/tools/bin/../lib/gcc/arm-none-eabi/12.3.1/thumb/v7e-m+fp/hard\libgcc.a(_udivmoddi4.o)
 .ARM.attributes
                0x000004dd       0x22 C:/ST/STM32CubeIDE_1.15.0/STM32CubeIDE/plugins/com.st.stm32cube.ide.mcu.externaltools.gnu-tools-for-stm32.12.3.rel1.win32_1.0.100.202403111256/tools/bin/../lib/gcc/arm-none-eabi/12.3.1/thumb/v7e-m+fp/hard\libgcc.a(_dvmd_tls.o)
 .ARM.attributes
                0x000004ff       0x22 C:/ST/STM32CubeIDE_1.15.0/STM32CubeIDE/plugins/com.st.stm32cube.ide.mcu.externaltools.gnu-tools-for-stm32.12.3.rel1.win32_1.0.100.202403111256/tools/bin/../lib/gcc/arm-none-eabi/12.3.1/thumb/v7e-m+fp/hard/crtn.o
OUTPUT(Release.elf elf32-littlearm)
LOAD linker stubs
LOAD C:/ST/STM32CubeIDE_1.15.0/STM32CubeIDE/plugins/com.st.stm32cube.ide.mcu.externaltools.gnu-tools-for-stm32.12.3.rel1.win32_1.0.100.202403111256/tools/bin/../lib/gcc/arm-none-eabi/12.3.1/../../../../arm-none-eabi/lib/thumb/v7e-m+fp/hard\libc.a
LOAD C:/ST/STM32CubeIDE_1.15.0/STM32CubeIDE/plugins/com.st.stm32cube.ide.mcu.externaltools.gnu-tools-for-stm32.12.3.rel1.win32_1.0.100.202403111256/tools/bin/../lib/gcc/arm-none-eabi/12.3.1/../../../../arm-none-eabi/lib/thumb/v7e-m+fp/hard\libm.a
LOAD C:/ST/STM32CubeIDE_1.15.0/STM32CubeIDE/plugins/com.st.stm32cube.ide.mcu.externaltools.gnu-tools-for-stm32.12.3.rel1.win32_1.0.100.202403111256/tools/bin/../lib/gcc/arm-none-eabi/12.3.1/thumb/v7e-m+fp/hard\libgcc.a

.debug_info     0x00000000    0x112ec
 .debug_info    0x00000000      0xece ./Core/Src/Moving_system.o
 .debug_info    0x00000ece      0x234 ./Core/Src/PID.o
 .debug_info    0x00001102      0x12c ./Core/Src/Structur_Raspberry_Pi.o
 .debug_info    0x0000122e      0xba9 ./Core/Src/Structur_STM.o
 .debug_info    0x00001dd7     0x1a81 ./Core/Src/main.o
 .debug_info    0x00003858     0x13b6 ./Core/Src/stm32f4xx_hal_msp.o
 .debug_info    0x00004c0e      0xc4d ./Core/Src/stm32f4xx_it.o
 .debug_info    0x0000585b      0x512 ./Core/Src/system_stm32f4xx.o
 .debug_info    0x00005d6d       0x30 ./Core/Startup/startup_stm32f407vgtx.o
 .debug_info    0x00005d9d      0x944 ./Drivers/STM32F4xx_HAL_Driver/Src/stm32f4xx_hal.o
 .debug_info    0x000066e1      0xce3 ./Drivers/STM32F4xx_HAL_Driver/Src/stm32f4xx_hal_adc.o
 .debug_info    0x000073c4      0xb68 ./Drivers/STM32F4xx_HAL_Driver/Src/stm32f4xx_hal_adc_ex.o
 .debug_info    0x00007f2c      0xd8c ./Drivers/STM32F4xx_HAL_Driver/Src/stm32f4xx_hal_cortex.o
 .debug_info    0x00008cb8      0x8e7 ./Drivers/STM32F4xx_HAL_Driver/Src/stm32f4xx_hal_dma.o
 .debug_info    0x0000959f      0x6c3 ./Drivers/STM32F4xx_HAL_Driver/Src/stm32f4xx_hal_gpio.o
 .debug_info    0x00009c62      0x8c3 ./Drivers/STM32F4xx_HAL_Driver/Src/stm32f4xx_hal_rcc.o
 .debug_info    0x0000a525     0x299d ./Drivers/STM32F4xx_HAL_Driver/Src/stm32f4xx_hal_tim.o
 .debug_info    0x0000cec2     0x14db ./Drivers/STM32F4xx_HAL_Driver/Src/stm32f4xx_hal_tim_ex.o
 .debug_info    0x0000e39d     0x2f4f ./Drivers/STM32F4xx_HAL_Driver/Src/stm32f4xx_hal_uart.o

.debug_abbrev   0x00000000     0x25af
 .debug_abbrev  0x00000000      0x200 ./Core/Src/Moving_system.o
 .debug_abbrev  0x00000200      0x134 ./Core/Src/PID.o
 .debug_abbrev  0x00000334       0x93 ./Core/Src/Structur_Raspberry_Pi.o
 .debug_abbrev  0x000003c7      0x154 ./Core/Src/Structur_STM.o
 .debug_abbrev  0x0000051b      0x29d ./Core/Src/main.o
 .debug_abbrev  0x000007b8      0x21f ./Core/Src/stm32f4xx_hal_msp.o
 .debug_abbrev  0x000009d7      0x1af ./Core/Src/stm32f4xx_it.o
 .debug_abbrev  0x00000b86      0x11a ./Core/Src/system_stm32f4xx.o
 .debug_abbrev  0x00000ca0       0x24 ./Core/Startup/startup_stm32f407vgtx.o
 .debug_abbrev  0x00000cc4      0x214 ./Drivers/STM32F4xx_HAL_Driver/Src/stm32f4xx_hal.o
 .debug_abbrev  0x00000ed8      0x252 ./Drivers/STM32F4xx_HAL_Driver/Src/stm32f4xx_hal_adc.o
 .debug_abbrev  0x0000112a      0x270 ./Drivers/STM32F4xx_HAL_Driver/Src/stm32f4xx_hal_adc_ex.o
 .debug_abbrev  0x0000139a      0x31d ./Drivers/STM32F4xx_HAL_Driver/Src/stm32f4xx_hal_cortex.o
 .debug_abbrev  0x000016b7      0x264 ./Drivers/STM32F4xx_HAL_Driver/Src/stm32f4xx_hal_dma.o
 .debug_abbrev  0x0000191b      0x1d4 ./Drivers/STM32F4xx_HAL_Driver/Src/stm32f4xx_hal_gpio.o
 .debug_abbrev  0x00001aef      0x2b7 ./Drivers/STM32F4xx_HAL_Driver/Src/stm32f4xx_hal_rcc.o
 .debug_abbrev  0x00001da6      0x278 ./Drivers/STM32F4xx_HAL_Driver/Src/stm32f4xx_hal_tim.o
 .debug_abbrev  0x0000201e      0x283 ./Drivers/STM32F4xx_HAL_Driver/Src/stm32f4xx_hal_tim_ex.o
 .debug_abbrev  0x000022a1      0x30e ./Drivers/STM32F4xx_HAL_Driver/Src/stm32f4xx_hal_uart.o

.debug_aranges  0x00000000      0xea8
 .debug_aranges
                0x00000000       0x50 ./Core/Src/Moving_system.o
 .debug_aranges
                0x00000050       0x28 ./Core/Src/PID.o
 .debug_aranges
                0x00000078       0x18 ./Core/Src/Structur_Raspberry_Pi.o
 .debug_aranges
                0x00000090       0x18 ./Core/Src/Structur_STM.o
 .debug_aranges
                0x000000a8       0x80 ./Core/Src/main.o
 .debug_aranges
                0x00000128       0x68 ./Core/Src/stm32f4xx_hal_msp.o
 .debug_aranges
                0x00000190       0x80 ./Core/Src/stm32f4xx_it.o
 .debug_aranges
                0x00000210       0x28 ./Core/Src/system_stm32f4xx.o
 .debug_aranges
                0x00000238       0x28 ./Core/Startup/startup_stm32f407vgtx.o
 .debug_aranges
                0x00000260       0xf0 ./Drivers/STM32F4xx_HAL_Driver/Src/stm32f4xx_hal.o
 .debug_aranges
                0x00000350       0xe8 ./Drivers/STM32F4xx_HAL_Driver/Src/stm32f4xx_hal_adc.o
 .debug_aranges
                0x00000438       0x90 ./Drivers/STM32F4xx_HAL_Driver/Src/stm32f4xx_hal_adc_ex.o
 .debug_aranges
                0x000004c8      0x130 ./Drivers/STM32F4xx_HAL_Driver/Src/stm32f4xx_hal_cortex.o
 .debug_aranges
                0x000005f8       0x90 ./Drivers/STM32F4xx_HAL_Driver/Src/stm32f4xx_hal_dma.o
 .debug_aranges
                0x00000688       0x58 ./Drivers/STM32F4xx_HAL_Driver/Src/stm32f4xx_hal_gpio.o
 .debug_aranges
                0x000006e0       0x88 ./Drivers/STM32F4xx_HAL_Driver/Src/stm32f4xx_hal_rcc.o
 .debug_aranges
                0x00000768      0x3d0 ./Drivers/STM32F4xx_HAL_Driver/Src/stm32f4xx_hal_tim.o
 .debug_aranges
                0x00000b38      0x168 ./Drivers/STM32F4xx_HAL_Driver/Src/stm32f4xx_hal_tim_ex.o
 .debug_aranges
                0x00000ca0      0x208 ./Drivers/STM32F4xx_HAL_Driver/Src/stm32f4xx_hal_uart.o

.debug_rnglists
                0x00000000      0xb5a
 .debug_rnglists
                0x00000000       0x39 ./Core/Src/Moving_system.o
 .debug_rnglists
                0x00000039       0x1b ./Core/Src/PID.o
 .debug_rnglists
                0x00000054       0x65 ./Core/Src/main.o
 .debug_rnglists
                0x000000b9       0x4e ./Core/Src/stm32f4xx_hal_msp.o
 .debug_rnglists
                0x00000107       0x5b ./Core/Src/stm32f4xx_it.o
 .debug_rnglists
                0x00000162       0x1a ./Core/Src/system_stm32f4xx.o
 .debug_rnglists
                0x0000017c       0x19 ./Core/Startup/startup_stm32f407vgtx.o
 .debug_rnglists
                0x00000195       0xaf ./Drivers/STM32F4xx_HAL_Driver/Src/stm32f4xx_hal.o
 .debug_rnglists
                0x00000244       0xb5 ./Drivers/STM32F4xx_HAL_Driver/Src/stm32f4xx_hal_adc.o
 .debug_rnglists
                0x000002f9       0x71 ./Drivers/STM32F4xx_HAL_Driver/Src/stm32f4xx_hal_adc_ex.o
 .debug_rnglists
                0x0000036a       0xe0 ./Drivers/STM32F4xx_HAL_Driver/Src/stm32f4xx_hal_cortex.o
 .debug_rnglists
                0x0000044a       0x70 ./Drivers/STM32F4xx_HAL_Driver/Src/stm32f4xx_hal_dma.o
 .debug_rnglists
                0x000004ba       0x3f ./Drivers/STM32F4xx_HAL_Driver/Src/stm32f4xx_hal_gpio.o
 .debug_rnglists
                0x000004f9       0x66 ./Drivers/STM32F4xx_HAL_Driver/Src/stm32f4xx_hal_rcc.o
 .debug_rnglists
                0x0000055f      0x31a ./Drivers/STM32F4xx_HAL_Driver/Src/stm32f4xx_hal_tim.o
 .debug_rnglists
                0x00000879      0x125 ./Drivers/STM32F4xx_HAL_Driver/Src/stm32f4xx_hal_tim_ex.o
 .debug_rnglists
                0x0000099e      0x1bc ./Drivers/STM32F4xx_HAL_Driver/Src/stm32f4xx_hal_uart.o

.debug_macro    0x00000000    0x22677
 .debug_macro   0x00000000      0x20f ./Core/Src/Moving_system.o
 .debug_macro   0x0000020f      0x2a1 ./Core/Src/Moving_system.o
 .debug_macro   0x000004b0       0x2e ./Core/Src/Moving_system.o
 .debug_macro   0x000004de       0x2f ./Core/Src/Moving_system.o
 .debug_macro   0x0000050d       0x22 ./Core/Src/Moving_system.o
 .debug_macro   0x0000052f       0x8e ./Core/Src/Moving_system.o
 .debug_macro   0x000005bd       0x51 ./Core/Src/Moving_system.o
 .debug_macro   0x0000060e      0x103 ./Core/Src/Moving_system.o
 .debug_macro   0x00000711       0x6a ./Core/Src/Moving_system.o
 .debug_macro   0x0000077b      0x1df ./Core/Src/Moving_system.o
 .debug_macro   0x0000095a       0x1c ./Core/Src/Moving_system.o
 .debug_macro   0x00000976       0x22 ./Core/Src/Moving_system.o
 .debug_macro   0x00000998       0xfb ./Core/Src/Moving_system.o
 .debug_macro   0x00000a93     0x1011 ./Core/Src/Moving_system.o
 .debug_macro   0x00001aa4      0x11f ./Core/Src/Moving_system.o
 .debug_macro   0x00001bc3    0x15ea5 ./Core/Src/Moving_system.o
 .debug_macro   0x00017a68       0x6d ./Core/Src/Moving_system.o
 .debug_macro   0x00017ad5     0x3693 ./Core/Src/Moving_system.o
 .debug_macro   0x0001b168      0x189 ./Core/Src/Moving_system.o
 .debug_macro   0x0001b2f1       0x5c ./Core/Src/Moving_system.o
 .debug_macro   0x0001b34d      0x980 ./Core/Src/Moving_system.o
 .debug_macro   0x0001bccd      0x9e9 ./Core/Src/Moving_system.o
 .debug_macro   0x0001c6b6      0x115 ./Core/Src/Moving_system.o
 .debug_macro   0x0001c7cb      0x13e ./Core/Src/Moving_system.o
 .debug_macro   0x0001c909       0xa5 ./Core/Src/Moving_system.o
 .debug_macro   0x0001c9ae      0x174 ./Core/Src/Moving_system.o
 .debug_macro   0x0001cb22      0x287 ./Core/Src/Moving_system.o
 .debug_macro   0x0001cda9       0x5f ./Core/Src/Moving_system.o
 .debug_macro   0x0001ce08      0x236 ./Core/Src/Moving_system.o
 .debug_macro   0x0001d03e      0xb5b ./Core/Src/Moving_system.o
 .debug_macro   0x0001db99      0x38b ./Core/Src/Moving_system.o
 .debug_macro   0x0001df24      0x176 ./Core/Src/Moving_system.o
 .debug_macro   0x0001e09a       0xf9 ./Core/Src/Moving_system.o
 .debug_macro   0x0001e193      0x12c ./Core/Src/Moving_system.o
 .debug_macro   0x0001e2bf      0x21e ./Core/Src/Moving_system.o
 .debug_macro   0x0001e4dd       0x2e ./Core/Src/Moving_system.o
 .debug_macro   0x0001e50b      0x127 ./Core/Src/Moving_system.o
 .debug_macro   0x0001e632       0x7e ./Core/Src/Moving_system.o
 .debug_macro   0x0001e6b0       0x89 ./Core/Src/Moving_system.o
 .debug_macro   0x0001e739      0x8ed ./Core/Src/Moving_system.o
 .debug_macro   0x0001f026       0x4d ./Core/Src/Moving_system.o
 .debug_macro   0x0001f073      0x2aa ./Core/Src/Moving_system.o
 .debug_macro   0x0001f31d      0x12d ./Core/Src/Moving_system.o
 .debug_macro   0x0001f44a       0x2e ./Core/Src/Moving_system.o
 .debug_macro   0x0001f478      0x2c4 ./Core/Src/PID.o
 .debug_macro   0x0001f73c       0x61 ./Core/Src/PID.o
 .debug_macro   0x0001f79d       0x2a ./Core/Src/PID.o
 .debug_macro   0x0001f7c7       0x43 ./Core/Src/PID.o
 .debug_macro   0x0001f80a       0x34 ./Core/Src/PID.o
 .debug_macro   0x0001f83e       0x16 ./Core/Src/PID.o
 .debug_macro   0x0001f854       0x43 ./Core/Src/PID.o
 .debug_macro   0x0001f897       0x34 ./Core/Src/PID.o
 .debug_macro   0x0001f8cb       0x10 ./Core/Src/PID.o
 .debug_macro   0x0001f8db       0x58 ./Core/Src/PID.o
 .debug_macro   0x0001f933       0x8e ./Core/Src/PID.o
 .debug_macro   0x0001f9c1       0x1c ./Core/Src/PID.o
 .debug_macro   0x0001f9dd      0x177 ./Core/Src/PID.o
 .debug_macro   0x0001fb54      0x369 ./Core/Src/PID.o
 .debug_macro   0x0001febd      0x19b ./Core/Src/PID.o
 .debug_macro   0x00020058      0x200 ./Core/Src/Structur_Raspberry_Pi.o
 .debug_macro   0x00020258      0x200 ./Core/Src/Structur_STM.o
 .debug_macro   0x00020458      0x364 ./Core/Src/main.o
 .debug_macro   0x000207bc       0x10 ./Core/Src/main.o
 .debug_macro   0x000207cc       0x35 ./Core/Src/main.o
 .debug_macro   0x00020801       0x20 ./Core/Src/main.o
 .debug_macro   0x00020821       0x16 ./Core/Src/main.o
 .debug_macro   0x00020837       0x16 ./Core/Src/main.o
 .debug_macro   0x0002084d       0x29 ./Core/Src/main.o
 .debug_macro   0x00020876       0x22 ./Core/Src/main.o
 .debug_macro   0x00020898       0xe8 ./Core/Src/main.o
 .debug_macro   0x00020980      0x364 ./Core/Src/stm32f4xx_hal_msp.o
 .debug_macro   0x00020ce4      0x36e ./Core/Src/stm32f4xx_it.o
 .debug_macro   0x00021052      0x1f6 ./Core/Src/system_stm32f4xx.o
 .debug_macro   0x00021248      0x256 ./Drivers/STM32F4xx_HAL_Driver/Src/stm32f4xx_hal.o
 .debug_macro   0x0002149e      0x1f7 ./Drivers/STM32F4xx_HAL_Driver/Src/stm32f4xx_hal_adc.o
 .debug_macro   0x00021695      0x1f6 ./Drivers/STM32F4xx_HAL_Driver/Src/stm32f4xx_hal_adc_ex.o
 .debug_macro   0x0002188b      0x1f6 ./Drivers/STM32F4xx_HAL_Driver/Src/stm32f4xx_hal_cortex.o
 .debug_macro   0x00021a81      0x1fc ./Drivers/STM32F4xx_HAL_Driver/Src/stm32f4xx_hal_dma.o
 .debug_macro   0x00021c7d      0x1fc ./Drivers/STM32F4xx_HAL_Driver/Src/stm32f4xx_hal_gpio.o
 .debug_macro   0x00021e79      0x21a ./Drivers/STM32F4xx_HAL_Driver/Src/stm32f4xx_hal_rcc.o
 .debug_macro   0x00022093      0x1f7 ./Drivers/STM32F4xx_HAL_Driver/Src/stm32f4xx_hal_tim.o
 .debug_macro   0x0002228a      0x1f6 ./Drivers/STM32F4xx_HAL_Driver/Src/stm32f4xx_hal_tim_ex.o
 .debug_macro   0x00022480      0x1f7 ./Drivers/STM32F4xx_HAL_Driver/Src/stm32f4xx_hal_uart.o

.debug_line     0x00000000    0x130e5
 .debug_line    0x00000000      0x97d ./Core/Src/Moving_system.o
 .debug_line    0x0000097d      0x996 ./Core/Src/PID.o
 .debug_line    0x00001313      0x792 ./Core/Src/Structur_Raspberry_Pi.o
 .debug_line    0x00001aa5      0x780 ./Core/Src/Structur_STM.o
 .debug_line    0x00002225      0xf47 ./Core/Src/main.o
 .debug_line    0x0000316c      0xb88 ./Core/Src/stm32f4xx_hal_msp.o
 .debug_line    0x00003cf4      0xab6 ./Core/Src/stm32f4xx_it.o
 .debug_line    0x000047aa      0x80b ./Core/Src/system_stm32f4xx.o
 .debug_line    0x00004fb5       0x7a ./Core/Startup/startup_stm32f407vgtx.o
 .debug_line    0x0000502f      0xa83 ./Drivers/STM32F4xx_HAL_Driver/Src/stm32f4xx_hal.o
 .debug_line    0x00005ab2     0x130e ./Drivers/STM32F4xx_HAL_Driver/Src/stm32f4xx_hal_adc.o
 .debug_line    0x00006dc0      0xf82 ./Drivers/STM32F4xx_HAL_Driver/Src/stm32f4xx_hal_adc_ex.o
 .debug_line    0x00007d42      0xd75 ./Drivers/STM32F4xx_HAL_Driver/Src/stm32f4xx_hal_cortex.o
 .debug_line    0x00008ab7      0xff3 ./Drivers/STM32F4xx_HAL_Driver/Src/stm32f4xx_hal_dma.o
 .debug_line    0x00009aaa      0xc0f ./Drivers/STM32F4xx_HAL_Driver/Src/stm32f4xx_hal_gpio.o
 .debug_line    0x0000a6b9      0xe0e ./Drivers/STM32F4xx_HAL_Driver/Src/stm32f4xx_hal_rcc.o
 .debug_line    0x0000b4c7     0x381f ./Drivers/STM32F4xx_HAL_Driver/Src/stm32f4xx_hal_tim.o
 .debug_line    0x0000ece6     0x1a79 ./Drivers/STM32F4xx_HAL_Driver/Src/stm32f4xx_hal_tim_ex.o
 .debug_line    0x0001075f     0x2986 ./Drivers/STM32F4xx_HAL_Driver/Src/stm32f4xx_hal_uart.o

.debug_str      0x00000000    0xd8706
 .debug_str     0x00000000    0xd0aa1 ./Core/Src/Moving_system.o
                              0xd0e96 (size before relaxing)
 .debug_str     0x000d0aa1     0x3972 ./Core/Src/PID.o
                              0xd3d28 (size before relaxing)
 .debug_str     0x000d4413       0x8e ./Core/Src/Structur_Raspberry_Pi.o
                              0xd033c (size before relaxing)
 .debug_str     0x000d44a1       0x1b ./Core/Src/Structur_STM.o
                              0xd0ba2 (size before relaxing)
 .debug_str     0x000d44bc      0xdc2 ./Core/Src/main.o
                              0xd5492 (size before relaxing)
 .debug_str     0x000d527e      0x615 ./Core/Src/stm32f4xx_hal_msp.o
                              0xd52c3 (size before relaxing)
 .debug_str     0x000d5893      0x135 ./Core/Src/stm32f4xx_it.o
                              0xd4c61 (size before relaxing)
 .debug_str     0x000d59c8       0xdb ./Core/Src/system_stm32f4xx.o
                              0xd0493 (size before relaxing)
 .debug_str     0x000d5aa3       0x44 ./Core/Startup/startup_stm32f407vgtx.o
                                 0x63 (size before relaxing)
 .debug_str     0x000d5ae7      0x601 ./Drivers/STM32F4xx_HAL_Driver/Src/stm32f4xx_hal.o
                              0xd1017 (size before relaxing)
 .debug_str     0x000d60e8      0x268 ./Drivers/STM32F4xx_HAL_Driver/Src/stm32f4xx_hal_adc.o
                              0xd0a80 (size before relaxing)
 .debug_str     0x000d6350      0x2df ./Drivers/STM32F4xx_HAL_Driver/Src/stm32f4xx_hal_adc_ex.o
                              0xd0ad4 (size before relaxing)
 .debug_str     0x000d662f      0x36b ./Drivers/STM32F4xx_HAL_Driver/Src/stm32f4xx_hal_cortex.o
                              0xd0d93 (size before relaxing)
 .debug_str     0x000d699a      0x304 ./Drivers/STM32F4xx_HAL_Driver/Src/stm32f4xx_hal_dma.o
                              0xd08ad (size before relaxing)
 .debug_str     0x000d6c9e      0x121 ./Drivers/STM32F4xx_HAL_Driver/Src/stm32f4xx_hal_gpio.o
                              0xd060e (size before relaxing)
 .debug_str     0x000d6dbf      0x21e ./Drivers/STM32F4xx_HAL_Driver/Src/stm32f4xx_hal_rcc.o
                              0xd08c7 (size before relaxing)
 .debug_str     0x000d6fdd      0xcd7 ./Drivers/STM32F4xx_HAL_Driver/Src/stm32f4xx_hal_tim.o
                              0xd181d (size before relaxing)
 .debug_str     0x000d7cb4      0x493 ./Drivers/STM32F4xx_HAL_Driver/Src/stm32f4xx_hal_tim_ex.o
                              0xd1029 (size before relaxing)
 .debug_str     0x000d8147      0x5bf ./Drivers/STM32F4xx_HAL_Driver/Src/stm32f4xx_hal_uart.o
                              0xd0ea8 (size before relaxing)

.comment        0x00000000       0x43
 .comment       0x00000000       0x43 ./Core/Src/Moving_system.o
                                 0x44 (size before relaxing)
 .comment       0x00000043       0x44 ./Core/Src/PID.o
 .comment       0x00000043       0x44 ./Core/Src/Structur_Raspberry_Pi.o
 .comment       0x00000043       0x44 ./Core/Src/Structur_STM.o
 .comment       0x00000043       0x44 ./Core/Src/main.o
 .comment       0x00000043       0x44 ./Core/Src/stm32f4xx_hal_msp.o
 .comment       0x00000043       0x44 ./Core/Src/stm32f4xx_it.o
 .comment       0x00000043       0x44 ./Core/Src/system_stm32f4xx.o
 .comment       0x00000043       0x44 ./Drivers/STM32F4xx_HAL_Driver/Src/stm32f4xx_hal.o
 .comment       0x00000043       0x44 ./Drivers/STM32F4xx_HAL_Driver/Src/stm32f4xx_hal_adc.o
 .comment       0x00000043       0x44 ./Drivers/STM32F4xx_HAL_Driver/Src/stm32f4xx_hal_adc_ex.o
 .comment       0x00000043       0x44 ./Drivers/STM32F4xx_HAL_Driver/Src/stm32f4xx_hal_cortex.o
 .comment       0x00000043       0x44 ./Drivers/STM32F4xx_HAL_Driver/Src/stm32f4xx_hal_dma.o
 .comment       0x00000043       0x44 ./Drivers/STM32F4xx_HAL_Driver/Src/stm32f4xx_hal_gpio.o
 .comment       0x00000043       0x44 ./Drivers/STM32F4xx_HAL_Driver/Src/stm32f4xx_hal_rcc.o
 .comment       0x00000043       0x44 ./Drivers/STM32F4xx_HAL_Driver/Src/stm32f4xx_hal_tim.o
 .comment       0x00000043       0x44 ./Drivers/STM32F4xx_HAL_Driver/Src/stm32f4xx_hal_tim_ex.o
 .comment       0x00000043       0x44 ./Drivers/STM32F4xx_HAL_Driver/Src/stm32f4xx_hal_uart.o

.debug_frame    0x00000000     0x3ccc
 .debug_frame   0x00000000      0x110 ./Core/Src/Moving_system.o
 .debug_frame   0x00000110       0x58 ./Core/Src/PID.o
 .debug_frame   0x00000168      0x1cc ./Core/Src/main.o
 .debug_frame   0x00000334      0x17c ./Core/Src/stm32f4xx_hal_msp.o
 .debug_frame   0x000004b0      0x174 ./Core/Src/stm32f4xx_it.o
 .debug_frame   0x00000624       0x58 ./Core/Src/system_stm32f4xx.o
 .debug_frame   0x0000067c      0x374 ./Drivers/STM32F4xx_HAL_Driver/Src/stm32f4xx_hal.o
 .debug_frame   0x000009f0      0x3fc ./Drivers/STM32F4xx_HAL_Driver/Src/stm32f4xx_hal_adc.o
 .debug_frame   0x00000dec      0x250 ./Drivers/STM32F4xx_HAL_Driver/Src/stm32f4xx_hal_adc_ex.o
 .debug_frame   0x0000103c      0x508 ./Drivers/STM32F4xx_HAL_Driver/Src/stm32f4xx_hal_cortex.o
 .debug_frame   0x00001544      0x250 ./Drivers/STM32F4xx_HAL_Driver/Src/stm32f4xx_hal_dma.o
 .debug_frame   0x00001794      0x14c ./Drivers/STM32F4xx_HAL_Driver/Src/stm32f4xx_hal_gpio.o
 .debug_frame   0x000018e0      0x1f4 ./Drivers/STM32F4xx_HAL_Driver/Src/stm32f4xx_hal_rcc.o
 .debug_frame   0x00001ad4     0x11c0 ./Drivers/STM32F4xx_HAL_Driver/Src/stm32f4xx_hal_tim.o
 .debug_frame   0x00002c94      0x638 ./Drivers/STM32F4xx_HAL_Driver/Src/stm32f4xx_hal_tim_ex.o
 .debug_frame   0x000032cc      0x954 ./Drivers/STM32F4xx_HAL_Driver/Src/stm32f4xx_hal_uart.o
 .debug_frame   0x00003c20       0x20 C:/ST/STM32CubeIDE_1.15.0/STM32CubeIDE/plugins/com.st.stm32cube.ide.mcu.externaltools.gnu-tools-for-stm32.12.3.rel1.win32_1.0.100.202403111256/tools/bin/../lib/gcc/arm-none-eabi/12.3.1/../../../../arm-none-eabi/lib/thumb/v7e-m+fp/hard\libc_nano.a(libc_a-memset.o)
 .debug_frame   0x00003c40       0x2c C:/ST/STM32CubeIDE_1.15.0/STM32CubeIDE/plugins/com.st.stm32cube.ide.mcu.externaltools.gnu-tools-for-stm32.12.3.rel1.win32_1.0.100.202403111256/tools/bin/../lib/gcc/arm-none-eabi/12.3.1/../../../../arm-none-eabi/lib/thumb/v7e-m+fp/hard\libc_nano.a(libc_a-init.o)
 .debug_frame   0x00003c6c       0x2c C:/ST/STM32CubeIDE_1.15.0/STM32CubeIDE/plugins/com.st.stm32cube.ide.mcu.externaltools.gnu-tools-for-stm32.12.3.rel1.win32_1.0.100.202403111256/tools/bin/../lib/gcc/arm-none-eabi/12.3.1/thumb/v7e-m+fp/hard\libgcc.a(_aeabi_uldivmod.o)
 .debug_frame   0x00003c98       0x34 C:/ST/STM32CubeIDE_1.15.0/STM32CubeIDE/plugins/com.st.stm32cube.ide.mcu.externaltools.gnu-tools-for-stm32.12.3.rel1.win32_1.0.100.202403111256/tools/bin/../lib/gcc/arm-none-eabi/12.3.1/thumb/v7e-m+fp/hard\libgcc.a(_udivmoddi4.o)

.debug_line_str
                0x00000000       0x47
 .debug_line_str
                0x00000000       0x47 ./Core/Startup/startup_stm32f407vgtx.o
