Archive member included to satisfy reference by file (symbol)

C:/ST/STM32CubeIDE_1.15.0/STM32CubeIDE/plugins/com.st.stm32cube.ide.mcu.externaltools.gnu-tools-for-stm32.13.3.rel1.win32_1.0.0.202411081344/tools/bin/../lib/gcc/arm-none-eabi/13.3.1/../../../../arm-none-eabi/lib/thumb/v7e-m+fp/hard\libc_nano.a(libc_a-exit.o)
                              C:/ST/STM32CubeIDE_1.15.0/STM32CubeIDE/plugins/com.st.stm32cube.ide.mcu.externaltools.gnu-tools-for-stm32.13.3.rel1.win32_1.0.0.202411081344/tools/bin/../lib/gcc/arm-none-eabi/13.3.1/../../../../arm-none-eabi/lib/thumb/v7e-m+fp/hard/crt0.o (exit)
C:/ST/STM32CubeIDE_1.15.0/STM32CubeIDE/plugins/com.st.stm32cube.ide.mcu.externaltools.gnu-tools-for-stm32.13.3.rel1.win32_1.0.0.202411081344/tools/bin/../lib/gcc/arm-none-eabi/13.3.1/../../../../arm-none-eabi/lib/thumb/v7e-m+fp/hard\libc_nano.a(libc_a-findfp.o)
                              C:/ST/STM32CubeIDE_1.15.0/STM32CubeIDE/plugins/com.st.stm32cube.ide.mcu.externaltools.gnu-tools-for-stm32.13.3.rel1.win32_1.0.0.202411081344/tools/bin/../lib/gcc/arm-none-eabi/13.3.1/../../../../arm-none-eabi/lib/thumb/v7e-m+fp/hard\libc_nano.a(libc_a-exit.o) (__stdio_exit_handler)
C:/ST/STM32CubeIDE_1.15.0/STM32CubeIDE/plugins/com.st.stm32cube.ide.mcu.externaltools.gnu-tools-for-stm32.13.3.rel1.win32_1.0.0.202411081344/tools/bin/../lib/gcc/arm-none-eabi/13.3.1/../../../../arm-none-eabi/lib/thumb/v7e-m+fp/hard\libc_nano.a(libc_a-fwalk.o)
                              C:/ST/STM32CubeIDE_1.15.0/STM32CubeIDE/plugins/com.st.stm32cube.ide.mcu.externaltools.gnu-tools-for-stm32.13.3.rel1.win32_1.0.0.202411081344/tools/bin/../lib/gcc/arm-none-eabi/13.3.1/../../../../arm-none-eabi/lib/thumb/v7e-m+fp/hard\libc_nano.a(libc_a-findfp.o) (_fwalk_sglue)
C:/ST/STM32CubeIDE_1.15.0/STM32CubeIDE/plugins/com.st.stm32cube.ide.mcu.externaltools.gnu-tools-for-stm32.13.3.rel1.win32_1.0.0.202411081344/tools/bin/../lib/gcc/arm-none-eabi/13.3.1/../../../../arm-none-eabi/lib/thumb/v7e-m+fp/hard\libc_nano.a(libc_a-stdio.o)
                              C:/ST/STM32CubeIDE_1.15.0/STM32CubeIDE/plugins/com.st.stm32cube.ide.mcu.externaltools.gnu-tools-for-stm32.13.3.rel1.win32_1.0.0.202411081344/tools/bin/../lib/gcc/arm-none-eabi/13.3.1/../../../../arm-none-eabi/lib/thumb/v7e-m+fp/hard\libc_nano.a(libc_a-findfp.o) (__sread)
C:/ST/STM32CubeIDE_1.15.0/STM32CubeIDE/plugins/com.st.stm32cube.ide.mcu.externaltools.gnu-tools-for-stm32.13.3.rel1.win32_1.0.0.202411081344/tools/bin/../lib/gcc/arm-none-eabi/13.3.1/../../../../arm-none-eabi/lib/thumb/v7e-m+fp/hard\libc_nano.a(libc_a-memset.o)
                              C:/ST/STM32CubeIDE_1.15.0/STM32CubeIDE/plugins/com.st.stm32cube.ide.mcu.externaltools.gnu-tools-for-stm32.13.3.rel1.win32_1.0.0.202411081344/tools/bin/../lib/gcc/arm-none-eabi/13.3.1/../../../../arm-none-eabi/lib/thumb/v7e-m+fp/hard/crt0.o (memset)
C:/ST/STM32CubeIDE_1.15.0/STM32CubeIDE/plugins/com.st.stm32cube.ide.mcu.externaltools.gnu-tools-for-stm32.13.3.rel1.win32_1.0.0.202411081344/tools/bin/../lib/gcc/arm-none-eabi/13.3.1/../../../../arm-none-eabi/lib/thumb/v7e-m+fp/hard\libc_nano.a(libc_a-closer.o)
                              C:/ST/STM32CubeIDE_1.15.0/STM32CubeIDE/plugins/com.st.stm32cube.ide.mcu.externaltools.gnu-tools-for-stm32.13.3.rel1.win32_1.0.0.202411081344/tools/bin/../lib/gcc/arm-none-eabi/13.3.1/../../../../arm-none-eabi/lib/thumb/v7e-m+fp/hard\libc_nano.a(libc_a-stdio.o) (_close_r)
C:/ST/STM32CubeIDE_1.15.0/STM32CubeIDE/plugins/com.st.stm32cube.ide.mcu.externaltools.gnu-tools-for-stm32.13.3.rel1.win32_1.0.0.202411081344/tools/bin/../lib/gcc/arm-none-eabi/13.3.1/../../../../arm-none-eabi/lib/thumb/v7e-m+fp/hard\libc_nano.a(libc_a-reent.o)
                              C:/ST/STM32CubeIDE_1.15.0/STM32CubeIDE/plugins/com.st.stm32cube.ide.mcu.externaltools.gnu-tools-for-stm32.13.3.rel1.win32_1.0.0.202411081344/tools/bin/../lib/gcc/arm-none-eabi/13.3.1/../../../../arm-none-eabi/lib/thumb/v7e-m+fp/hard\libc_nano.a(libc_a-closer.o) (errno)
C:/ST/STM32CubeIDE_1.15.0/STM32CubeIDE/plugins/com.st.stm32cube.ide.mcu.externaltools.gnu-tools-for-stm32.13.3.rel1.win32_1.0.0.202411081344/tools/bin/../lib/gcc/arm-none-eabi/13.3.1/../../../../arm-none-eabi/lib/thumb/v7e-m+fp/hard\libc_nano.a(libc_a-impure.o)
                              C:/ST/STM32CubeIDE_1.15.0/STM32CubeIDE/plugins/com.st.stm32cube.ide.mcu.externaltools.gnu-tools-for-stm32.13.3.rel1.win32_1.0.0.202411081344/tools/bin/../lib/gcc/arm-none-eabi/13.3.1/../../../../arm-none-eabi/lib/thumb/v7e-m+fp/hard\libc_nano.a(libc_a-reent.o) (_impure_ptr)
C:/ST/STM32CubeIDE_1.15.0/STM32CubeIDE/plugins/com.st.stm32cube.ide.mcu.externaltools.gnu-tools-for-stm32.13.3.rel1.win32_1.0.0.202411081344/tools/bin/../lib/gcc/arm-none-eabi/13.3.1/../../../../arm-none-eabi/lib/thumb/v7e-m+fp/hard\libc_nano.a(libc_a-lseekr.o)
[...]
Memory Configuration

Name             Origin             Length             Attributes
CCMRAM           0x10000000         0x00010000         xrw
RAM              0x20000000         0x00020000         xrw
FLASH            0x08000000         0x00100000         xr
*default*        0x00000000         0xffffffff

Linker script and memory map

LOAD C:/ST/STM32CubeIDE_1.15.0/STM32CubeIDE/plugins/com.st.stm32cube.ide.mcu.externaltools.gnu-tools-for-stm32.13.3.rel1.win32_1.0.0.202411081344/tools/bin/../lib/gcc/arm-none-eabi/13.3.1/thumb/v7e-m+fp/hard/crti.o
LOAD C:/ST/STM32CubeIDE_1.15.0/STM32CubeIDE/plugins/com.st.stm32cube.ide.mcu.externaltools.gnu-tools-for-stm32.13.3.rel1.win32_1.0.0.202411081344/tools/bin/../lib/gcc/arm-none-eabi/13.3.1/thumb/v7e-m+fp/hard/crtbegin.o
LOAD C:/ST/STM32CubeIDE_1.15.0/STM32CubeIDE/plugins/com.st.stm32cube.ide.mcu.externaltools.gnu-tools-for-stm32.13.3.rel1.win32_1.0.0.202411081344/tools/bin/../lib/gcc/arm-none-eabi/13.3.1/../../../../arm-none-eabi/lib/thumb/v7e-m+fp/hard/crt0.o
LOAD ./Core/Src/Analog_digital_converter.o
LOAD ./Core/Src/Motor_step_driver.o
LOAD ./Core/Src/Raspberry_Pi.o
LOAD ./Core/Src/Transfer_to_Raspberry_Pi.o
LOAD ./Core/Src/main.o
LOAD ./Core/Src/stm32f4xx_hal_msp.o
LOAD ./Core/Src/stm32f4xx_it.o
LOAD ./Core/Src/syscalls.o
LOAD ./Core/Src/sysmem.o
LOAD ./Core/Src/system_stm32f4xx.o
LOAD ./Core/Startup/startup_stm32f407vgtx.o
LOAD ./Drivers/STM32F4xx_HAL_Driver/Src/stm32f4xx_hal.o
LOAD ./Drivers/STM32F4xx_HAL_Driver/Src/stm32f4xx_hal_adc.o
LOAD ./Drivers/STM32F4xx_HAL_Driver/Src/stm32f4xx_hal_adc_ex.o
LOAD ./Drivers/STM32F4xx_HAL_Driver/Src/stm32f4xx_hal_cortex.o
LOAD ./Drivers/STM32F4xx_HAL_Driver/Src/stm32f4xx_hal_dma.o
LOAD ./Drivers/STM32F4xx_HAL_Driver/Src/stm32f4xx_hal_dma_ex.o
LOAD ./Drivers/STM32F4xx_HAL_Driver/Src/stm32f4xx_hal_exti.o
LOAD ./Drivers/STM32F4xx_HAL_Driver/Src/stm32f4xx_hal_flash.o
LOAD ./Drivers/STM32F4xx_HAL_Driver/Src/stm32f4xx_hal_flash_ex.o
LOAD ./Drivers/STM32F4xx_HAL_Driver/Src/stm32f4xx_hal_flash_ramfunc.o
LOAD ./Drivers/STM32F4xx_HAL_Driver/Src/stm32f4xx_hal_gpio.o
LOAD ./Drivers/STM32F4xx_HAL_Driver/Src/stm32f4xx_hal_pwr.o
LOAD ./Drivers/STM32F4xx_HAL_Driver/Src/stm32f4xx_hal_pwr_ex.o
LOAD ./Drivers/STM32F4xx_HAL_Driver/Src/stm32f4xx_hal_rcc.o
LOAD ./Drivers/STM32F4xx_HAL_Driver/Src/stm32f4xx_hal_rcc_ex.o
LOAD ./Drivers/STM32F4xx_HAL_Driver/Src/stm32f4xx_hal_tim.o
LOAD ./Drivers/STM32F4xx_HAL_Driver/Src/stm32f4xx_hal_tim_ex.o
LOAD ./Drivers/STM32F4xx_HAL_Driver/Src/stm32f4xx_hal_uart.o
LOAD ./Drivers/STM32F4xx_HAL_Driver/Src/stm32f4xx_ll_adc.o
START GROUP
LOAD C:/ST/STM32CubeIDE_1.15.0/STM32CubeIDE/plugins/com.st.stm32cube.ide.mcu.externaltools.gnu-tools-for-stm32.13.3.rel1.win32_1.0.0.202411081344/tools/bin/../lib/gcc/arm-none-eabi/13.3.1/../../../../arm-none-eabi/lib/thumb/v7e-m+fp/hard\libc_nano.a
LOAD C:/ST/STM32CubeIDE_1.15.0/STM32CubeIDE/plugins/com.st.stm32cube.ide.mcu.externaltools.gnu-tools-for-stm32.13.3.rel1.win32_1.0.0.202411081344/tools/bin/../lib/gcc/arm-none-eabi/13.3.1/../../../../arm-none-eabi/lib/thumb/v7e-m+fp/hard\libm.a
END GROUP
START GROUP
LOAD C:/ST/STM32CubeIDE_1.15.0/STM32CubeIDE/plugins/com.st.stm32cube.ide.mcu.externaltools.gnu-tools-for-stm32.13.3.rel1.win32_1.0.0.202411081344/tools/bin/../lib/gcc/arm-none-eabi/13.3.1/thumb/v7e-m+fp/hard\libgcc.a
LOAD C:/ST/STM32CubeIDE_1.15.0/STM32CubeIDE/plugins/com.st.stm32cube.ide.mcu.externaltools.gnu-tools-for-stm32.13.3.rel1.win32_1.0.0.202411081344/tools/bin/../lib/gcc/arm-none-eabi/13.3.1/../../../../arm-none-eabi/lib/thumb/v7e-m+fp/hard\libc_nano.a
END GROUP
START GROUP
LOAD C:/ST/STM32CubeIDE_1.15.0/STM32CubeIDE/plugins/com.st.stm32cube.ide.mcu.externaltools.gnu-tools-for-stm32.13.3.rel1.win32_1.0.0.202411081344/tools/bin/../lib/gcc/arm-none-eabi/13.3.1/thumb/v7e-m+fp/hard\libgcc.a
LOAD C:/ST/STM32CubeIDE_1.15.0/STM32CubeIDE/plugins/com.st.stm32cube.ide.mcu.externaltools.gnu-tools-for-stm32.13.3.rel1.win32_1.0.0.202411081344/tools/bin/../lib/gcc/arm-none-eabi/13.3.1/../../../../arm-none-eabi/lib/thumb/v7e-m+fp/hard\libc_nano.a
LOAD C:/ST/STM32CubeIDE_1.15.0/STM32CubeIDE/plugins/com.st.stm32cube.ide.mcu.externaltools.gnu-tools-for-stm32.13.3.rel1.win32_1.0.0.202411081344/tools/bin/../lib/gcc/arm-none-eabi/13.3.1/../../../../arm-none-eabi/lib/thumb/v7e-m+fp/hard\libnosys.a
END GROUP
START GROUP
LOAD C:/ST/STM32CubeIDE_1.15.0/STM32CubeIDE/plugins/com.st.stm32cube.ide.mcu.externaltools.gnu-tools-for-stm32.13.3.rel1.win32_1.0.0.202411081344/tools/bin/../lib/gcc/arm-none-eabi/13.3.1/thumb/v7e-m+fp/hard\libgcc.a
LOAD C:/ST/STM32CubeIDE_1.15.0/STM32CubeIDE/plugins/com.st.stm32cube.ide.mcu.externaltools.gnu-tools-for-stm32.13.3.rel1.win32_1.0.0.202411081344/tools/bin/../lib/gcc/arm-none-eabi/13.3.1/../../../../arm-none-eabi/lib/thumb/v7e-m+fp/hard\libc_nano.a
LOAD C:/ST/STM32CubeIDE_1.15.0/STM32CubeIDE/plugins/com.st.stm32cube.ide.mcu.externaltools.gnu-tools-for-stm32.13.3.rel1.win32_1.0.0.202411081344/tools/bin/../lib/gcc/arm-none-eabi/13.3.1/../../../../arm-none-eabi/lib/thumb/v7e-m+fp/hard\libnosys.a
END GROUP
LOAD C:/ST/STM32CubeIDE_1.15.0/STM32CubeIDE/plugins/com.st.stm32cube.ide.mcu.externaltools.gnu-tools-for-stm32.13.3.rel1.win32_1.0.0.202411081344/tools/bin/../lib/gcc/arm-none-eabi/13.3.1/thumb/v7e-m+fp/hard/crtend.o
LOAD C:/ST/STM32CubeIDE_1.15.0/STM32CubeIDE/plugins/com.st.stm32cube.ide.mcu.externaltools.gnu-tools-for-stm32.13.3.rel1.win32_1.0.0.202411081344/tools/bin/../lib/gcc/arm-none-eabi/13.3.1/thumb/v7e-m+fp/hard/crtn.o
                0x20020000                        _estack = (ORIGIN (RAM) + LENGTH (RAM))
                0x00000200                        _Min_Heap_Size = 0x200
                0x00000400                        _Min_Stack_Size = 0x400

.isr_vector     0x08000000      0x188
                0x08000000                        . = ALIGN (0x4)
 *(.isr_vector)
 .isr_vector    0x08000000      0x188 ./Core/Startup/startup_stm32f407vgtx.o
                0x08000000                g_pfnVectors
                0x08000188                        . = ALIGN (0x4)

.text           0x08000188     0x5240
                0x08000188                        . = ALIGN (0x4)
 *(.text)
 .text          0x08000188       0x40 C:/ST/STM32CubeIDE_1.15.0/STM32CubeIDE/plugins/com.st.stm32cube.ide.mcu.externaltools.gnu-tools-for-stm32.13.3.rel1.win32_1.0.0.202411081344/tools/bin/../lib/gcc/arm-none-eabi/13.3.1/thumb/v7e-m+fp/hard/crtbegin.o
 .text          0x080001c8       0x30 C:/ST/STM32CubeIDE_1.15.0/STM32CubeIDE/plugins/com.st.stm32cube.ide.mcu.externaltools.gnu-tools-for-stm32.13.3.rel1.win32_1.0.0.202411081344/tools/bin/../lib/gcc/arm-none-eabi/13.3.1/thumb/v7e-m+fp/hard\libgcc.a(_aeabi_uldivmod.o)
                0x080001c8                __aeabi_uldivmod
 .text          0x080001f8      0x2f8 C:/ST/STM32CubeIDE_1.15.0/STM32CubeIDE/plugins/com.st.stm32cube.ide.mcu.externaltools.gnu-tools-for-stm32.13.3.rel1.win32_1.0.0.202411081344/tools/bin/../lib/gcc/arm-none-eabi/13.3.1/thumb/v7e-m+fp/hard\libgcc.a(_udivmoddi4.o)
                0x080001f8                __udivmoddi4
 .text          0x080004f0        0x4 C:/ST/STM32CubeIDE_1.15.0/STM32CubeIDE/plugins/com.st.stm32cube.ide.mcu.externaltools.gnu-tools-for-stm32.13.3.rel1.win32_1.0.0.202411081344/tools/bin/../lib/gcc/arm-none-eabi/13.3.1/thumb/v7e-m+fp/hard\libgcc.a(_dvmd_tls.o)
                0x080004f0                __aeabi_idiv0
                0x080004f0                __aeabi_ldiv0
 *(.text*)
 .text.Read_AD_Conversion
                0x080004f4      0x11c ./Core/Src/Analog_digital_converter.o
                0x080004f4                Read_AD_Conversion
 .text.First_mode
                0x08000610       0x5c ./Core/Src/Motor_step_driver.o
                0x08000610                First_mode
 .text.Moving_away_from_borders
                0x0800066c       0x68 ./Core/Src/Motor_step_driver.o
                0x0800066c                Moving_away_from_borders
 .text.Second_mode
                0x080006d4       0x94 ./Core/Src/Motor_step_driver.o
                0x080006d4                Second_mode
 .text.Set_PWM_frequency
                0x08000768       0x90 ./Core/Src/Motor_step_driver.o
                0x08000768                Set_PWM_frequency
 .text.Start_motor
                0x080007f8       0x4c ./Core/Src/Motor_step_driver.o
                0x080007f8                Start_motor
 .text.Stop_motor
                0x08000844       0x36 ./Core/Src/Motor_step_driver.o
                0x08000844                Stop_motor
 .text.Up_fequency
                0x0800087a       0x44 ./Core/Src/Motor_step_driver.o
                0x0800087a                Up_fequency
 .text.Working_area
                0x080008be       0x6e ./Core/Src/Motor_step_driver.o
                0x080008be                Working_area
 .text.Transfer_to_raspberry_pi
                0x0800092c      0x1f8 ./Core/Src/Transfer_to_Raspberry_Pi.o
                0x0800092c                Transfer_to_raspberry_pi
 .text.main     0x08000b24      0x1ac ./Core/Src/main.o
                0x08000b24                main
 .text.SystemClock_Config
                0x08000cd0       0xd4 ./Core/Src/main.o
                0x08000cd0                SystemClock_Config
 .text.MX_ADC1_Init
                0x08000da4       0xa4 ./Core/Src/main.o
 .text.MX_ADC2_Init
                0x08000e48       0xa4 ./Core/Src/main.o
 .text.MX_TIM2_Init
                0x08000eec       0xb4 ./Core/Src/main.o
 .text.MX_TIM3_Init
                0x08000fa0       0xb4 ./Core/Src/main.o
 .text.MX_TIM4_Init
                0x08001054       0xa8 ./Core/Src/main.o
 .text.MX_TIM5_Init
                0x080010fc       0xa8 ./Core/Src/main.o
 .text.MX_USART2_UART_Init
                0x080011a4       0x54 ./Core/Src/main.o
 .text.MX_GPIO_Init
                0x080011f8      0x174 ./Core/Src/main.o
 .text.HAL_UART_RxCpltCallback
                0x0800136c      0x134 ./Core/Src/main.o
                0x0800136c                HAL_UART_RxCpltCallback
 .text.HAL_UART_TxCpltCallback
                0x080014a0       0x20 ./Core/Src/main.o
                0x080014a0                HAL_UART_TxCpltCallback
 .text.Error_Handler
                0x080014c0        0xc ./Core/Src/main.o
                0x080014c0                Error_Handler
 .text.HAL_MspInit
                0x080014cc       0x50 ./Core/Src/stm32f4xx_hal_msp.o
                0x080014cc                HAL_MspInit
 .text.HAL_ADC_MspInit
                0x0800151c      0x108 ./Core/Src/stm32f4xx_hal_msp.o
                0x0800151c                HAL_ADC_MspInit
 .text.HAL_TIM_PWM_MspInit
                0x08001624       0x88 ./Core/Src/stm32f4xx_hal_msp.o
                0x08001624                HAL_TIM_PWM_MspInit
 .text.HAL_TIM_Encoder_MspInit
                0x080016ac       0xfc ./Core/Src/stm32f4xx_hal_msp.o
                0x080016ac                HAL_TIM_Encoder_MspInit
 .text.HAL_TIM_MspPostInit
                0x080017a8       0xbc ./Core/Src/stm32f4xx_hal_msp.o
                0x080017a8                HAL_TIM_MspPostInit
 .text.HAL_UART_MspInit
                0x08001864       0xa0 ./Core/Src/stm32f4xx_hal_msp.o
                0x08001864                HAL_UART_MspInit
 .text.NMI_Handler
                0x08001904        0x8 ./Core/Src/stm32f4xx_it.o
                0x08001904                NMI_Handler
 .text.HardFault_Handler
                0x0800190c        0x8 ./Core/Src/stm32f4xx_it.o
                0x0800190c                HardFault_Handler
 .text.MemManage_Handler
                0x08001914        0x8 ./Core/Src/stm32f4xx_it.o
                0x08001914                MemManage_Handler
 .text.BusFault_Handler
                0x0800191c        0x8 ./Core/Src/stm32f4xx_it.o
                0x0800191c                BusFault_Handler
 .text.UsageFault_Handler
                0x08001924        0x8 ./Core/Src/stm32f4xx_it.o
                0x08001924                UsageFault_Handler
 .text.SVC_Handler
                0x0800192c        0xe ./Core/Src/stm32f4xx_it.o
                0x0800192c                SVC_Handler
 .text.DebugMon_Handler
                0x0800193a        0xe ./Core/Src/stm32f4xx_it.o
                0x0800193a                DebugMon_Handler
 .text.PendSV_Handler
                0x08001948        0xe ./Core/Src/stm32f4xx_it.o
                0x08001948                PendSV_Handler
 .text.SysTick_Handler
                0x08001956        0xc ./Core/Src/stm32f4xx_it.o
                0x08001956                SysTick_Handler
 *fill*         0x08001962        0x2 
 .text.ADC_IRQHandler
                0x08001964       0x1c ./Core/Src/stm32f4xx_it.o
                0x08001964                ADC_IRQHandler
 .text.TIM2_IRQHandler
                0x08001980       0x14 ./Core/Src/stm32f4xx_it.o
                0x08001980                TIM2_IRQHandler
 .text.TIM3_IRQHandler
                0x08001994       0x14 ./Core/Src/stm32f4xx_it.o
                0x08001994                TIM3_IRQHandler
 .text.USART2_IRQHandler
                0x080019a8       0x14 ./Core/Src/stm32f4xx_it.o
                0x080019a8                USART2_IRQHandler
 .text.SystemInit
                0x080019bc       0x24 ./Core/Src/system_stm32f4xx.o
                0x080019bc                SystemInit
 .text.Reset_Handler
                0x080019e0       0x50 ./Core/Startup/startup_stm32f407vgtx.o
                0x080019e0                Reset_Handler
 .text.Default_Handler
                0x08001a30        0x2 ./Core/Startup/startup_stm32f407vgtx.o
                0x08001a30                RTC_Alarm_IRQHandler
                0x08001a30                HASH_RNG_IRQHandler
                0x08001a30                EXTI2_IRQHandler
                0x08001a30                TIM8_CC_IRQHandler
                0x08001a30                TIM1_CC_IRQHandler
                0x08001a30                DMA2_Stream5_IRQHandler
                0x08001a30                DMA1_Stream5_IRQHandler
                0x08001a30                PVD_IRQHandler
                0x08001a30                SDIO_IRQHandler
                0x08001a30                TAMP_STAMP_IRQHandler
                0x08001a30                CAN2_RX1_IRQHandler
                0x08001a30                EXTI3_IRQHandler
                0x08001a30                TIM8_TRG_COM_TIM14_IRQHandler
                0x08001a30                TIM1_UP_TIM10_IRQHandler
                0x08001a30                TIM8_UP_TIM13_IRQHandler
                0x08001a30                I2C3_ER_IRQHandler
                0x08001a30                EXTI0_IRQHandler
                0x08001a30                I2C2_EV_IRQHandler
                0x08001a30                DMA1_Stream2_IRQHandler
                0x08001a30                CAN1_RX0_IRQHandler
                0x08001a30                FPU_IRQHandler
                0x08001a30                OTG_HS_WKUP_IRQHandler
                0x08001a30                CAN2_SCE_IRQHandler
                0x08001a30                DMA2_Stream2_IRQHandler
                0x08001a30                SPI1_IRQHandler
                0x08001a30                TIM6_DAC_IRQHandler
                0x08001a30                TIM1_BRK_TIM9_IRQHandler
                0x08001a30                DCMI_IRQHandler
                0x08001a30                CAN2_RX0_IRQHandler
                0x08001a30                DMA2_Stream3_IRQHandler
                0x08001a30                USART6_IRQHandler
                0x08001a30                USART3_IRQHandler
                0x08001a30                CAN1_RX1_IRQHandler
                0x08001a30                UART5_IRQHandler
                0x08001a30                DMA2_Stream0_IRQHandler
                0x08001a30                TIM4_IRQHandler
                0x08001a30                I2C1_EV_IRQHandler
                0x08001a30                DMA1_Stream6_IRQHandler
                0x08001a30                DMA1_Stream1_IRQHandler
                0x08001a30                UART4_IRQHandler
                0x08001a30                RCC_IRQHandler
                0x08001a30                TIM8_BRK_TIM12_IRQHandler
                0x08001a30                Default_Handler
                0x08001a30                EXTI15_10_IRQHandler
                0x08001a30                DMA1_Stream7_IRQHandler
                0x08001a30                TIM7_IRQHandler
                0x08001a30                CAN2_TX_IRQHandler
                0x08001a30                TIM5_IRQHandler
                0x08001a30                DMA2_Stream7_IRQHandler
                0x08001a30                I2C3_EV_IRQHandler
                0x08001a30                EXTI9_5_IRQHandler
                0x08001a30                RTC_WKUP_IRQHandler
                0x08001a30                ETH_WKUP_IRQHandler
                0x08001a30                SPI2_IRQHandler
                0x08001a30                OTG_HS_EP1_IN_IRQHandler
                0x08001a30                DMA1_Stream0_IRQHandler
                0x08001a30                CAN1_TX_IRQHandler
                0x08001a30                EXTI4_IRQHandler
                0x08001a30                FSMC_IRQHandler
                0x08001a30                ETH_IRQHandler
                0x08001a30                OTG_HS_EP1_OUT_IRQHandler
                0x08001a30                WWDG_IRQHandler
                0x08001a30                OTG_FS_WKUP_IRQHandler
                0x08001a30                TIM1_TRG_COM_TIM11_IRQHandler
                0x08001a30                OTG_HS_IRQHandler
                0x08001a30                EXTI1_IRQHandler
                0x08001a30                I2C2_ER_IRQHandler
                0x08001a30                DMA2_Stream1_IRQHandler
                0x08001a30                CAN1_SCE_IRQHandler
                0x08001a30                FLASH_IRQHandler
                0x08001a30                DMA2_Stream4_IRQHandler
                0x08001a30                USART1_IRQHandler
                0x08001a30                OTG_FS_IRQHandler
                0x08001a30                SPI3_IRQHandler
                0x08001a30                DMA1_Stream4_IRQHandler
                0x08001a30                I2C1_ER_IRQHandler
                0x08001a30                DMA2_Stream6_IRQHandler
                0x08001a30                DMA1_Stream3_IRQHandler
 *fill*         0x08001a32        0x2 
 .text.HAL_Init
                0x08001a34       0x44 ./Drivers/STM32F4xx_HAL_Driver/Src/stm32f4xx_hal.o
                0x08001a34                HAL_Init
 .text.HAL_InitTick
                0x08001a78       0x60 ./Drivers/STM32F4xx_HAL_Driver/Src/stm32f4xx_hal.o
                0x08001a78                HAL_InitTick
 .text.HAL_IncTick
                0x08001ad8       0x28 ./Drivers/STM32F4xx_HAL_Driver/Src/stm32f4xx_hal.o
                0x08001ad8                HAL_IncTick
 .text.HAL_GetTick
                0x08001b00       0x18 ./Drivers/STM32F4xx_HAL_Driver/Src/stm32f4xx_hal.o
                0x08001b00                HAL_GetTick
 .text.HAL_Delay
                0x08001b18       0x48 ./Drivers/STM32F4xx_HAL_Driver/Src/stm32f4xx_hal.o
                0x08001b18                HAL_Delay
 .text.HAL_ADC_Init
                0x08001b60       0x86 ./Drivers/STM32F4xx_HAL_Driver/Src/stm32f4xx_hal_adc.o
                0x08001b60                HAL_ADC_Init
 *fill*         0x08001be6        0x2 
 .text.HAL_ADC_Start
                0x08001be8      0x1a4 ./Drivers/STM32F4xx_HAL_Driver/Src/stm32f4xx_hal_adc.o
                0x08001be8                HAL_ADC_Start
 .text.HAL_ADC_Stop
                0x08001d8c       0x66 ./Drivers/STM32F4xx_HAL_Driver/Src/stm32f4xx_hal_adc.o
                0x08001d8c                HAL_ADC_Stop
 .text.HAL_ADC_PollForConversion
                0x08001df2      0x116 ./Drivers/STM32F4xx_HAL_Driver/Src/stm32f4xx_hal_adc.o
                0x08001df2                HAL_ADC_PollForConversion
 .text.HAL_ADC_IRQHandler
                0x08001f08      0x220 ./Drivers/STM32F4xx_HAL_Driver/Src/stm32f4xx_hal_adc.o
                0x08001f08                HAL_ADC_IRQHandler
 .text.HAL_ADC_GetValue
                0x08002128       0x1a ./Drivers/STM32F4xx_HAL_Driver/Src/stm32f4xx_hal_adc.o
                0x08002128                HAL_ADC_GetValue
 .text.HAL_ADC_ConvCpltCallback
                0x08002142       0x14 ./Drivers/STM32F4xx_HAL_Driver/Src/stm32f4xx_hal_adc.o
                0x08002142                HAL_ADC_ConvCpltCallback
 .text.HAL_ADC_LevelOutOfWindowCallback
                0x08002156       0x14 ./Drivers/STM32F4xx_HAL_Driver/Src/stm32f4xx_hal_adc.o
                0x08002156                HAL_ADC_LevelOutOfWindowCallback
 .text.HAL_ADC_ErrorCallback
                0x0800216a       0x14 ./Drivers/STM32F4xx_HAL_Driver/Src/stm32f4xx_hal_adc.o
                0x0800216a                HAL_ADC_ErrorCallback
 *fill*         0x0800217e        0x2 
 .text.HAL_ADC_ConfigChannel
                0x08002180      0x244 ./Drivers/STM32F4xx_HAL_Driver/Src/stm32f4xx_hal_adc.o
                0x08002180                HAL_ADC_ConfigChannel
 .text.ADC_Init
                0x080023c4      0x1f8 ./Drivers/STM32F4xx_HAL_Driver/Src/stm32f4xx_hal_adc.o
 .text.HAL_ADCEx_InjectedConvCpltCallback
                0x080025bc       0x14 ./Drivers/STM32F4xx_HAL_Driver/Src/stm32f4xx_hal_adc_ex.o
                0x080025bc                HAL_ADCEx_InjectedConvCpltCallback
 .text.__NVIC_SetPriorityGrouping
                0x080025d0       0x48 ./Drivers/STM32F4xx_HAL_Driver/Src/stm32f4xx_hal_cortex.o
 .text.__NVIC_GetPriorityGrouping
                0x08002618       0x1c ./Drivers/STM32F4xx_HAL_Driver/Src/stm32f4xx_hal_cortex.o
 .text.__NVIC_EnableIRQ
                0x08002634       0x3c ./Drivers/STM32F4xx_HAL_Driver/Src/stm32f4xx_hal_cortex.o
 .text.__NVIC_SetPriority
                0x08002670       0x54 ./Drivers/STM32F4xx_HAL_Driver/Src/stm32f4xx_hal_cortex.o
 .text.NVIC_EncodePriority
                0x080026c4       0x66 ./Drivers/STM32F4xx_HAL_Driver/Src/stm32f4xx_hal_cortex.o
 *fill*         0x0800272a        0x2 
 .text.SysTick_Config
                0x0800272c       0x44 ./Drivers/STM32F4xx_HAL_Driver/Src/stm32f4xx_hal_cortex.o
 .text.HAL_NVIC_SetPriorityGrouping
                0x08002770       0x16 ./Drivers/STM32F4xx_HAL_Driver/Src/stm32f4xx_hal_cortex.o
                0x08002770                HAL_NVIC_SetPriorityGrouping
 .text.HAL_NVIC_SetPriority
                0x08002786       0x38 ./Drivers/STM32F4xx_HAL_Driver/Src/stm32f4xx_hal_cortex.o
                0x08002786                HAL_NVIC_SetPriority
 .text.HAL_NVIC_EnableIRQ
                0x080027be       0x1c ./Drivers/STM32F4xx_HAL_Driver/Src/stm32f4xx_hal_cortex.o
                0x080027be                HAL_NVIC_EnableIRQ
 .text.HAL_SYSTICK_Config
                0x080027da       0x18 ./Drivers/STM32F4xx_HAL_Driver/Src/stm32f4xx_hal_cortex.o
                0x080027da                HAL_SYSTICK_Config
 .text.HAL_DMA_Abort
                0x080027f2       0xe0 ./Drivers/STM32F4xx_HAL_Driver/Src/stm32f4xx_hal_dma.o
                0x080027f2                HAL_DMA_Abort
 .text.HAL_DMA_Abort_IT
                0x080028d2       0x44 ./Drivers/STM32F4xx_HAL_Driver/Src/stm32f4xx_hal_dma.o
                0x080028d2                HAL_DMA_Abort_IT
 *fill*         0x08002916        0x2 
 .text.HAL_GPIO_Init
                0x08002918      0x338 ./Drivers/STM32F4xx_HAL_Driver/Src/stm32f4xx_hal_gpio.o
                0x08002918                HAL_GPIO_Init
 .text.HAL_GPIO_WritePin
                0x08002c50       0x32 ./Drivers/STM32F4xx_HAL_Driver/Src/stm32f4xx_hal_gpio.o
                0x08002c50                HAL_GPIO_WritePin
 *fill*         0x08002c82        0x2 
 .text.HAL_RCC_OscConfig
                0x08002c84      0x4f0 ./Drivers/STM32F4xx_HAL_Driver/Src/stm32f4xx_hal_rcc.o
                0x08002c84                HAL_RCC_OscConfig
 .text.HAL_RCC_ClockConfig
                0x08003174      0x1cc ./Drivers/STM32F4xx_HAL_Driver/Src/stm32f4xx_hal_rcc.o
                0x08003174                HAL_RCC_ClockConfig
 .text.HAL_RCC_GetSysClockFreq
                0x08003340      0x20c ./Drivers/STM32F4xx_HAL_Driver/Src/stm32f4xx_hal_rcc.o
                0x08003340                HAL_RCC_GetSysClockFreq
 .text.HAL_RCC_GetHCLKFreq
                0x0800354c       0x18 ./Drivers/STM32F4xx_HAL_Driver/Src/stm32f4xx_hal_rcc.o
                0x0800354c                HAL_RCC_GetHCLKFreq
 .text.HAL_RCC_GetPCLK1Freq
                0x08003564       0x28 ./Drivers/STM32F4xx_HAL_Driver/Src/stm32f4xx_hal_rcc.o
                0x08003564                HAL_RCC_GetPCLK1Freq
 .text.HAL_RCC_GetPCLK2Freq
                0x0800358c       0x28 ./Drivers/STM32F4xx_HAL_Driver/Src/stm32f4xx_hal_rcc.o
                0x0800358c                HAL_RCC_GetPCLK2Freq
 .text.HAL_TIM_PWM_Init
                0x080035b4       0x9e ./Drivers/STM32F4xx_HAL_Driver/Src/stm32f4xx_hal_tim.o
                0x080035b4                HAL_TIM_PWM_Init
 *fill*         0x08003652        0x2 
 .text.HAL_TIM_PWM_Start
                0x08003654      0x190 ./Drivers/STM32F4xx_HAL_Driver/Src/stm32f4xx_hal_tim.o
                0x08003654                HAL_TIM_PWM_Start
 .text.HAL_TIM_PWM_Stop
                0x080037e4       0xe0 ./Drivers/STM32F4xx_HAL_Driver/Src/stm32f4xx_hal_tim.o
                0x080037e4                HAL_TIM_PWM_Stop
 .text.HAL_TIM_Encoder_Init
                0x080038c4      0x14c ./Drivers/STM32F4xx_HAL_Driver/Src/stm32f4xx_hal_tim.o
                0x080038c4                HAL_TIM_Encoder_Init
 .text.HAL_TIM_IRQHandler
                0x08003a10      0x1e0 ./Drivers/STM32F4xx_HAL_Driver/Src/stm32f4xx_hal_tim.o
                0x08003a10                HAL_TIM_IRQHandler
 .text.HAL_TIM_PWM_ConfigChannel
                0x08003bf0      0x184 ./Drivers/STM32F4xx_HAL_Driver/Src/stm32f4xx_hal_tim.o
                0x08003bf0                HAL_TIM_PWM_ConfigChannel
 .text.HAL_TIM_PeriodElapsedCallback
                0x08003d74       0x14 ./Drivers/STM32F4xx_HAL_Driver/Src/stm32f4xx_hal_tim.o
                0x08003d74                HAL_TIM_PeriodElapsedCallback
 .text.HAL_TIM_OC_DelayElapsedCallback
                0x08003d88       0x14 ./Drivers/STM32F4xx_HAL_Driver/Src/stm32f4xx_hal_tim.o
                0x08003d88                HAL_TIM_OC_DelayElapsedCallback
 .text.HAL_TIM_IC_CaptureCallback
                0x08003d9c       0x14 ./Drivers/STM32F4xx_HAL_Driver/Src/stm32f4xx_hal_tim.o
                0x08003d9c                HAL_TIM_IC_CaptureCallback
 .text.HAL_TIM_PWM_PulseFinishedCallback
                0x08003db0       0x14 ./Drivers/STM32F4xx_HAL_Driver/Src/stm32f4xx_hal_tim.o
                0x08003db0                HAL_TIM_PWM_PulseFinishedCallback
 .text.HAL_TIM_TriggerCallback
                0x08003dc4       0x14 ./Drivers/STM32F4xx_HAL_Driver/Src/stm32f4xx_hal_tim.o
                0x08003dc4                HAL_TIM_TriggerCallback
 .text.TIM_Base_SetConfig
                0x08003dd8      0x14c ./Drivers/STM32F4xx_HAL_Driver/Src/stm32f4xx_hal_tim.o
                0x08003dd8                TIM_Base_SetConfig
 .text.TIM_OC1_SetConfig
                0x08003f24       0xe0 ./Drivers/STM32F4xx_HAL_Driver/Src/stm32f4xx_hal_tim.o
 .text.TIM_OC2_SetConfig
                0x08004004       0xec ./Drivers/STM32F4xx_HAL_Driver/Src/stm32f4xx_hal_tim.o
                0x08004004                TIM_OC2_SetConfig
 .text.TIM_OC3_SetConfig
                0x080040f0       0xe8 ./Drivers/STM32F4xx_HAL_Driver/Src/stm32f4xx_hal_tim.o
 .text.TIM_OC4_SetConfig
                0x080041d8       0xac ./Drivers/STM32F4xx_HAL_Driver/Src/stm32f4xx_hal_tim.o
 .text.TIM_CCxChannelCmd
                0x08004284       0x4a ./Drivers/STM32F4xx_HAL_Driver/Src/stm32f4xx_hal_tim.o
                0x08004284                TIM_CCxChannelCmd
 *fill*         0x080042ce        0x2 
 .text.HAL_TIMEx_MasterConfigSynchronization
                0x080042d0       0xf8 ./Drivers/STM32F4xx_HAL_Driver/Src/stm32f4xx_hal_tim_ex.o
                0x080042d0                HAL_TIMEx_MasterConfigSynchronization
 .text.HAL_TIMEx_CommutCallback
                0x080043c8       0x14 ./Drivers/STM32F4xx_HAL_Driver/Src/stm32f4xx_hal_tim_ex.o
                0x080043c8                HAL_TIMEx_CommutCallback
 .text.HAL_TIMEx_BreakCallback
                0x080043dc       0x14 ./Drivers/STM32F4xx_HAL_Driver/Src/stm32f4xx_hal_tim_ex.o
                0x080043dc                HAL_TIMEx_BreakCallback
 .text.HAL_UART_Init
                0x080043f0       0xa0 ./Drivers/STM32F4xx_HAL_Driver/Src/stm32f4xx_hal_uart.o
                0x080043f0                HAL_UART_Init
 .text.HAL_UART_Transmit_IT
                0x08004490       0x6c ./Drivers/STM32F4xx_HAL_Driver/Src/stm32f4xx_hal_uart.o
                0x08004490                HAL_UART_Transmit_IT
 .text.HAL_UART_Receive_IT
                0x080044fc       0x4a ./Drivers/STM32F4xx_HAL_Driver/Src/stm32f4xx_hal_uart.o
                0x080044fc                HAL_UART_Receive_IT
 *fill*         0x08004546        0x2 
 .text.HAL_UART_IRQHandler
                0x08004548      0x554 ./Drivers/STM32F4xx_HAL_Driver/Src/stm32f4xx_hal_uart.o
                0x08004548                HAL_UART_IRQHandler
 .text.HAL_UART_ErrorCallback
                0x08004a9c       0x14 ./Drivers/STM32F4xx_HAL_Driver/Src/stm32f4xx_hal_uart.o
                0x08004a9c                HAL_UART_ErrorCallback
 .text.HAL_UARTEx_RxEventCallback
                0x08004ab0       0x18 ./Drivers/STM32F4xx_HAL_Driver/Src/stm32f4xx_hal_uart.o
                0x08004ab0                HAL_UARTEx_RxEventCallback
 .text.UART_Start_Receive_IT
                0x08004ac8       0x74 ./Drivers/STM32F4xx_HAL_Driver/Src/stm32f4xx_hal_uart.o
                0x08004ac8                UART_Start_Receive_IT
 .text.UART_EndRxTransfer
                0x08004b3c       0xc6 ./Drivers/STM32F4xx_HAL_Driver/Src/stm32f4xx_hal_uart.o
 .text.UART_DMAAbortOnError
                0x08004c02       0x22 ./Drivers/STM32F4xx_HAL_Driver/Src/stm32f4xx_hal_uart.o
 .text.UART_Transmit_IT
                0x08004c24       0xa0 ./Drivers/STM32F4xx_HAL_Driver/Src/stm32f4xx_hal_uart.o
 .text.UART_EndTransmit_IT
                0x08004cc4       0x30 ./Drivers/STM32F4xx_HAL_Driver/Src/stm32f4xx_hal_uart.o
 .text.UART_Receive_IT
                0x08004cf4      0x17c ./Drivers/STM32F4xx_HAL_Driver/Src/stm32f4xx_hal_uart.o
 .text.UART_SetConfig
                0x08004e70      0x4e8 ./Drivers/STM32F4xx_HAL_Driver/Src/stm32f4xx_hal_uart.o
 .text.memset   0x08005358       0x10 C:/ST/STM32CubeIDE_1.15.0/STM32CubeIDE/plugins/com.st.stm32cube.ide.mcu.externaltools.gnu-tools-for-stm32.13.3.rel1.win32_1.0.0.202411081344/tools/bin/../lib/gcc/arm-none-eabi/13.3.1/../../../../arm-none-eabi/lib/thumb/v7e-m+fp/hard\libc_nano.a(libc_a-memset.o)
                0x08005358                memset
 .text.__libc_init_array
                0x08005368       0x48 C:/ST/STM32CubeIDE_1.15.0/STM32CubeIDE/plugins/com.st.stm32cube.ide.mcu.externaltools.gnu-tools-for-stm32.13.3.rel1.win32_1.0.0.202411081344/tools/bin/../lib/gcc/arm-none-eabi/13.3.1/../../../../arm-none-eabi/lib/thumb/v7e-m+fp/hard\libc_nano.a(libc_a-init.o)
                0x08005368                __libc_init_array
 *(.glue_7)
 .glue_7        0x080053b0        0x0 linker stubs
 *(.glue_7t)
 .glue_7t       0x080053b0        0x0 linker stubs
 *(.eh_frame)
 .eh_frame      0x080053b0        0x0 C:/ST/STM32CubeIDE_1.15.0/STM32CubeIDE/plugins/com.st.stm32cube.ide.mcu.externaltools.gnu-tools-for-stm32.13.3.rel1.win32_1.0.0.202411081344/tools/bin/../lib/gcc/arm-none-eabi/13.3.1/thumb/v7e-m+fp/hard/crtbegin.o
 *(.init)
 .init          0x080053b0        0x4 C:/ST/STM32CubeIDE_1.15.0/STM32CubeIDE/plugins/com.st.stm32cube.ide.mcu.externaltools.gnu-tools-for-stm32.13.3.rel1.win32_1.0.0.202411081344/tools/bin/../lib/gcc/arm-none-eabi/13.3.1/thumb/v7e-m+fp/hard/crti.o
                0x080053b0                _init
 .init          0x080053b4        0x8 C:/ST/STM32CubeIDE_1.15.0/STM32CubeIDE/plugins/com.st.stm32cube.ide.mcu.externaltools.gnu-tools-for-stm32.13.3.rel1.win32_1.0.0.202411081344/tools/bin/../lib/gcc/arm-none-eabi/13.3.1/thumb/v7e-m+fp/hard/crtn.o
 *(.fini)
 .fini          0x080053bc        0x4 C:/ST/STM32CubeIDE_1.15.0/STM32CubeIDE/plugins/com.st.stm32cube.ide.mcu.externaltools.gnu-tools-for-stm32.13.3.rel1.win32_1.0.0.202411081344/tools/bin/../lib/gcc/arm-none-eabi/13.3.1/thumb/v7e-m+fp/hard/crti.o
                0x080053bc                _fini
 .fini          0x080053c0        0x8 C:/ST/STM32CubeIDE_1.15.0/STM32CubeIDE/plugins/com.st.stm32cube.ide.mcu.externaltools.gnu-tools-for-stm32.13.3.rel1.win32_1.0.0.202411081344/tools/bin/../lib/gcc/arm-none-eabi/13.3.1/thumb/v7e-m+fp/hard/crtn.o
                0x080053c8                        . = ALIGN (0x4)
                0x080053c8                        _etext = .

.vfp11_veneer   0x080053c8        0x0
 .vfp11_veneer  0x080053c8        0x0 linker stubs

.v4_bx          0x080053c8        0x0
 .v4_bx         0x080053c8        0x0 linker stubs

.iplt           0x080053c8        0x0
 .iplt          0x080053c8        0x0 C:/ST/STM32CubeIDE_1.15.0/STM32CubeIDE/plugins/com.st.stm32cube.ide.mcu.externaltools.gnu-tools-for-stm32.13.3.rel1.win32_1.0.0.202411081344/tools/bin/../lib/gcc/arm-none-eabi/13.3.1/thumb/v7e-m+fp/hard/crtbegin.o

.rodata         0x080053c8       0x18
                0x080053c8                        . = ALIGN (0x4)
 *(.rodata)
 *(.rodata*)
 .rodata.AHBPrescTable
                0x080053c8       0x10 ./Core/Src/system_stm32f4xx.o
                0x080053c8                AHBPrescTable
 .rodata.APBPrescTable
                0x080053d8        0x8 ./Core/Src/system_stm32f4xx.o
                0x080053d8                APBPrescTable
                0x080053e0                        . = ALIGN (0x4)

.ARM.extab      0x080053e0        0x0
                0x080053e0                        . = ALIGN (0x4)
 *(.ARM.extab* .gnu.linkonce.armextab.*)
                0x080053e0                        . = ALIGN (0x4)

.ARM            0x080053e0        0x8
                0x080053e0                        . = ALIGN (0x4)
                0x080053e0                        __exidx_start = .
 *(.ARM.exidx*)
 .ARM.exidx     0x080053e0        0x8 C:/ST/STM32CubeIDE_1.15.0/STM32CubeIDE/plugins/com.st.stm32cube.ide.mcu.externaltools.gnu-tools-for-stm32.13.3.rel1.win32_1.0.0.202411081344/tools/bin/../lib/gcc/arm-none-eabi/13.3.1/thumb/v7e-m+fp/hard\libgcc.a(_udivmoddi4.o)
                0x080053e8                        __exidx_end = .
                0x080053e8                        . = ALIGN (0x4)

.preinit_array  0x080053e8        0x0
                0x080053e8                        . = ALIGN (0x4)
                0x080053e8                        PROVIDE (__preinit_array_start = .)
 *(.preinit_array*)
                0x080053e8                        PROVIDE (__preinit_array_end = .)
                0x080053e8                        . = ALIGN (0x4)

.init_array     0x080053e8        0x4
                0x080053e8                        . = ALIGN (0x4)
                0x080053e8                        PROVIDE (__init_array_start = .)
 *(SORT_BY_NAME(.init_array.*))
 *(.init_array*)
 .init_array    0x080053e8        0x4 C:/ST/STM32CubeIDE_1.15.0/STM32CubeIDE/plugins/com.st.stm32cube.ide.mcu.externaltools.gnu-tools-for-stm32.13.3.rel1.win32_1.0.0.202411081344/tools/bin/../lib/gcc/arm-none-eabi/13.3.1/thumb/v7e-m+fp/hard/crtbegin.o
                0x080053ec                        PROVIDE (__init_array_end = .)
                0x080053ec                        . = ALIGN (0x4)

.fini_array     0x080053ec        0x4
                0x080053ec                        . = ALIGN (0x4)
                [!provide]                        PROVIDE (__fini_array_start = .)
 *(SORT_BY_NAME(.fini_array.*))
 *(.fini_array*)
 .fini_array    0x080053ec        0x4 C:/ST/STM32CubeIDE_1.15.0/STM32CubeIDE/plugins/com.st.stm32cube.ide.mcu.externaltools.gnu-tools-for-stm32.13.3.rel1.win32_1.0.0.202411081344/tools/bin/../lib/gcc/arm-none-eabi/13.3.1/thumb/v7e-m+fp/hard/crtbegin.o
                [!provide]                        PROVIDE (__fini_array_end = .)
                0x080053f0                        . = ALIGN (0x4)
                0x080053f0                        _sidata = LOADADDR (.data)

.rel.dyn        0x080053f0        0x0
 .rel.iplt      0x080053f0        0x0 C:/ST/STM32CubeIDE_1.15.0/STM32CubeIDE/plugins/com.st.stm32cube.ide.mcu.externaltools.gnu-tools-for-stm32.13.3.rel1.win32_1.0.0.202411081344/tools/bin/../lib/gcc/arm-none-eabi/13.3.1/thumb/v7e-m+fp/hard/crtbegin.o

.data           0x20000000       0xe4 load address 0x080053f0
                0x20000000                        . = ALIGN (0x4)
                0x20000000                        _sdata = .
 *(.data)
 *(.data*)
 .data.ADC_AZ   0x20000000       0x14 ./Core/Src/Analog_digital_converter.o
                0x20000000                ADC_AZ
 .data.ADC_EL   0x20000014       0x14 ./Core/Src/Analog_digital_converter.o
                0x20000014                ADC_EL
 .data.Motor_AZ
                0x20000028       0x40 ./Core/Src/Motor_step_driver.o
                0x20000028                Motor_AZ
 .data.Motor_EL
                0x20000068       0x40 ./Core/Src/Motor_step_driver.o
                0x20000068                Motor_EL
 .data.Target   0x200000a8       0x30 ./Core/Src/Raspberry_Pi.o
                0x200000a8                Target
 .data.SystemCoreClock
                0x200000d8        0x4 ./Core/Src/system_stm32f4xx.o
                0x200000d8                SystemCoreClock
 .data.uwTickPrio
                0x200000dc        0x4 ./Drivers/STM32F4xx_HAL_Driver/Src/stm32f4xx_hal.o
                0x200000dc                uwTickPrio
 .data.uwTickFreq
                0x200000e0        0x1 ./Drivers/STM32F4xx_HAL_Driver/Src/stm32f4xx_hal.o
                0x200000e0                uwTickFreq
 *(.RamFunc)
 *(.RamFunc*)
                0x200000e4                        . = ALIGN (0x4)
 *fill*         0x200000e1        0x3 
                0x200000e4                        _edata = .
                0x080054d4                        _siccmram = LOADADDR (.ccmram)

.igot.plt       0x200000e4        0x0 load address 0x080054d4
 .igot.plt      0x200000e4        0x0 C:/ST/STM32CubeIDE_1.15.0/STM32CubeIDE/plugins/com.st.stm32cube.ide.mcu.externaltools.gnu-tools-for-stm32.13.3.rel1.win32_1.0.0.202411081344/tools/bin/../lib/gcc/arm-none-eabi/13.3.1/thumb/v7e-m+fp/hard/crtbegin.o

.ccmram         0x10000000        0x0 load address 0x080054d4
                0x10000000                        . = ALIGN (0x4)
                0x10000000                        _sccmram = .
 *(.ccmram)
 *(.ccmram*)
                0x10000000                        . = ALIGN (0x4)
                0x10000000                        _eccmram = .
                0x10000000                        . = ALIGN (0x4)

.bss            0x200000e4      0x21c
                0x200000e4                        _sbss = .
                0x200000e4                        __bss_start__ = _sbss
 *(.bss)
 .bss           0x200000e4       0x1c C:/ST/STM32CubeIDE_1.15.0/STM32CubeIDE/plugins/com.st.stm32cube.ide.mcu.externaltools.gnu-tools-for-stm32.13.3.rel1.win32_1.0.0.202411081344/tools/bin/../lib/gcc/arm-none-eabi/13.3.1/thumb/v7e-m+fp/hard/crtbegin.o
 *(.bss*)
 .bss.hadc1     0x20000100       0x48 ./Core/Src/main.o
                0x20000100                hadc1
 .bss.hadc2     0x20000148       0x48 ./Core/Src/main.o
                0x20000148                hadc2
 .bss.htim2     0x20000190       0x48 ./Core/Src/main.o
                0x20000190                htim2
 .bss.htim3     0x200001d8       0x48 ./Core/Src/main.o
                0x200001d8                htim3
 .bss.htim4     0x20000220       0x48 ./Core/Src/main.o
                0x20000220                htim4
 .bss.htim5     0x20000268       0x48 ./Core/Src/main.o
                0x20000268                htim5
 .bss.huart2    0x200002b0       0x48 ./Core/Src/main.o
                0x200002b0                huart2
 .bss.Size_Rx_UART
                0x200002f8        0x4 ./Core/Src/main.o
                0x200002f8                Size_Rx_UART
 .bss.uwTick    0x200002fc        0x4 ./Drivers/STM32F4xx_HAL_Driver/Src/stm32f4xx_hal.o
                0x200002fc                uwTick
 *(COMMON)
                0x20000300                        . = ALIGN (0x4)
                0x20000300                        _ebss = .
                0x20000300                        __bss_end__ = _ebss

._user_heap_stack
                0x20000300      0x600
                0x20000300                        . = ALIGN (0x8)
                [!provide]                        PROVIDE (end = .)
                0x20000300                        PROVIDE (_end = .)
                0x20000500                        . = (. + _Min_Heap_Size)
 *fill*         0x20000300      0x200 
                0x20000900                        . = (. + _Min_Stack_Size)
 *fill*         0x20000500      0x400 
                0x20000900                        . = ALIGN (0x8)

/DISCARD/
 libc.a(*)
 libm.a(*)
 libgcc.a(*)

.ARM.attributes
                0x00000000       0x30
 *(.ARM.attributes)
 .ARM.attributes
                0x00000000       0x22 C:/ST/STM32CubeIDE_1.15.0/STM32CubeIDE/plugins/com.st.stm32cube.ide.mcu.externaltools.gnu-tools-for-stm32.13.3.rel1.win32_1.0.0.202411081344/tools/bin/../lib/gcc/arm-none-eabi/13.3.1/thumb/v7e-m+fp/hard/crti.o
 .ARM.attributes
                0x00000022       0x34 C:/ST/STM32CubeIDE_1.15.0/STM32CubeIDE/plugins/com.st.stm32cube.ide.mcu.externaltools.gnu-tools-for-stm32.13.3.rel1.win32_1.0.0.202411081344/tools/bin/../lib/gcc/arm-none-eabi/13.3.1/thumb/v7e-m+fp/hard/crtbegin.o
 .ARM.attributes
                0x00000056       0x34 ./Core/Src/Analog_digital_converter.o
 .ARM.attributes
                0x0000008a       0x34 ./Core/Src/Motor_step_driver.o
 .ARM.attributes
                0x000000be       0x34 ./Core/Src/Raspberry_Pi.o
 .ARM.attributes
                0x000000f2       0x34 ./Core/Src/Transfer_to_Raspberry_Pi.o
 .ARM.attributes
                0x00000126       0x34 ./Core/Src/main.o
 .ARM.attributes
                0x0000015a       0x34 ./Core/Src/stm32f4xx_hal_msp.o
 .ARM.attributes
                0x0000018e       0x34 ./Core/Src/stm32f4xx_it.o
 .ARM.attributes
                0x000001c2       0x34 ./Core/Src/system_stm32f4xx.o
 .ARM.attributes
                0x000001f6       0x21 ./Core/Startup/startup_stm32f407vgtx.o
 .ARM.attributes
                0x00000217       0x34 ./Drivers/STM32F4xx_HAL_Driver/Src/stm32f4xx_hal.o
 .ARM.attributes
                0x0000024b       0x34 ./Drivers/STM32F4xx_HAL_Driver/Src/stm32f4xx_hal_adc.o
 .ARM.attributes
                0x0000027f       0x34 ./Drivers/STM32F4xx_HAL_Driver/Src/stm32f4xx_hal_adc_ex.o
 .ARM.attributes
                0x000002b3       0x34 ./Drivers/STM32F4xx_HAL_Driver/Src/stm32f4xx_hal_cortex.o
 .ARM.attributes
                0x000002e7       0x34 ./Drivers/STM32F4xx_HAL_Driver/Src/stm32f4xx_hal_dma.o
 .ARM.attributes
                0x0000031b       0x34 ./Drivers/STM32F4xx_HAL_Driver/Src/stm32f4xx_hal_gpio.o
 .ARM.attributes
                0x0000034f       0x34 ./Drivers/STM32F4xx_HAL_Driver/Src/stm32f4xx_hal_rcc.o
 .ARM.attributes
                0x00000383       0x34 ./Drivers/STM32F4xx_HAL_Driver/Src/stm32f4xx_hal_tim.o
 .ARM.attributes
                0x000003b7       0x34 ./Drivers/STM32F4xx_HAL_Driver/Src/stm32f4xx_hal_tim_ex.o
 .ARM.attributes
                0x000003eb       0x34 ./Drivers/STM32F4xx_HAL_Driver/Src/stm32f4xx_hal_uart.o
 .ARM.attributes
                0x0000041f       0x34 C:/ST/STM32CubeIDE_1.15.0/STM32CubeIDE/plugins/com.st.stm32cube.ide.mcu.externaltools.gnu-tools-for-stm32.13.3.rel1.win32_1.0.0.202411081344/tools/bin/../lib/gcc/arm-none-eabi/13.3.1/../../../../arm-none-eabi/lib/thumb/v7e-m+fp/hard\libc_nano.a(libc_a-memset.o)
 .ARM.attributes
                0x00000453       0x34 C:/ST/STM32CubeIDE_1.15.0/STM32CubeIDE/plugins/com.st.stm32cube.ide.mcu.externaltools.gnu-tools-for-stm32.13.3.rel1.win32_1.0.0.202411081344/tools/bin/../lib/gcc/arm-none-eabi/13.3.1/../../../../arm-none-eabi/lib/thumb/v7e-m+fp/hard\libc_nano.a(libc_a-init.o)
 .ARM.attributes
                0x00000487       0x22 C:/ST/STM32CubeIDE_1.15.0/STM32CubeIDE/plugins/com.st.stm32cube.ide.mcu.externaltools.gnu-tools-for-stm32.13.3.rel1.win32_1.0.0.202411081344/tools/bin/../lib/gcc/arm-none-eabi/13.3.1/thumb/v7e-m+fp/hard\libgcc.a(_aeabi_uldivmod.o)
 .ARM.attributes
                0x000004a9       0x34 C:/ST/STM32CubeIDE_1.15.0/STM32CubeIDE/plugins/com.st.stm32cube.ide.mcu.externaltools.gnu-tools-for-stm32.13.3.rel1.win32_1.0.0.202411081344/tools/bin/../lib/gcc/arm-none-eabi/13.3.1/thumb/v7e-m+fp/hard\libgcc.a(_udivmoddi4.o)
 .ARM.attributes
                0x000004dd       0x22 C:/ST/STM32CubeIDE_1.15.0/STM32CubeIDE/plugins/com.st.stm32cube.ide.mcu.externaltools.gnu-tools-for-stm32.13.3.rel1.win32_1.0.0.202411081344/tools/bin/../lib/gcc/arm-none-eabi/13.3.1/thumb/v7e-m+fp/hard\libgcc.a(_dvmd_tls.o)
 .ARM.attributes
                0x000004ff       0x22 C:/ST/STM32CubeIDE_1.15.0/STM32CubeIDE/plugins/com.st.stm32cube.ide.mcu.externaltools.gnu-tools-for-stm32.13.3.rel1.win32_1.0.0.202411081344/tools/bin/../lib/gcc/arm-none-eabi/13.3.1/thumb/v7e-m+fp/hard/crtn.o
OUTPUT(Release.elf elf32-littlearm)
LOAD linker stubs
LOAD C:/ST/STM32CubeIDE_1.15.0/STM32CubeIDE/plugins/com.st.stm32cube.ide.mcu.externaltools.gnu-tools-for-stm32.13.3.rel1.win32_1.0.0.202411081344/tools/bin/../lib/gcc/arm-none-eabi/13.3.1/../../../../arm-none-eabi/lib/thumb/v7e-m+fp/hard\libc.a
LOAD C:/ST/STM32CubeIDE_1.15.0/STM32CubeIDE/plugins/com.st.stm32cube.ide.mcu.externaltools.gnu-tools-for-stm32.13.3.rel1.win32_1.0.0.202411081344/tools/bin/../lib/gcc/arm-none-eabi/13.3.1/../../../../arm-none-eabi/lib/thumb/v7e-m+fp/hard\libm.a
LOAD C:/ST/STM32CubeIDE_1.15.0/STM32CubeIDE/plugins/com.st.stm32cube.ide.mcu.externaltools.gnu-tools-for-stm32.13.3.rel1.win32_1.0.0.202411081344/tools/bin/../lib/gcc/arm-none-eabi/13.3.1/thumb/v7e-m+fp/hard\libgcc.a

.debug_info     0x00000000    0x119d1
 .debug_info    0x00000000      0xcac ./Core/Src/Analog_digital_converter.o
 .debug_info    0x00000cac      0xb7c ./Core/Src/Motor_step_driver.o
 .debug_info    0x00001828      0x10f ./Core/Src/Raspberry_Pi.o
 .debug_info    0x00001937      0xc4e ./Core/Src/Transfer_to_Raspberry_Pi.o
 .debug_info    0x00002585     0x19b8 ./Core/Src/main.o
 .debug_info    0x00003f3d     0x13b6 ./Core/Src/stm32f4xx_hal_msp.o
 .debug_info    0x000052f3      0xc4d ./Core/Src/stm32f4xx_it.o
 .debug_info    0x00005f40      0x512 ./Core/Src/system_stm32f4xx.o
 .debug_info    0x00006452       0x30 ./Core/Startup/startup_stm32f407vgtx.o
 .debug_info    0x00006482      0x944 ./Drivers/STM32F4xx_HAL_Driver/Src/stm32f4xx_hal.o
 .debug_info    0x00006dc6      0xce3 ./Drivers/STM32F4xx_HAL_Driver/Src/stm32f4xx_hal_adc.o
 .debug_info    0x00007aa9      0xb68 ./Drivers/STM32F4xx_HAL_Driver/Src/stm32f4xx_hal_adc_ex.o
 .debug_info    0x00008611      0xd8c ./Drivers/STM32F4xx_HAL_Driver/Src/stm32f4xx_hal_cortex.o
 .debug_info    0x0000939d      0x8e7 ./Drivers/STM32F4xx_HAL_Driver/Src/stm32f4xx_hal_dma.o
 .debug_info    0x00009c84      0x6c3 ./Drivers/STM32F4xx_HAL_Driver/Src/stm32f4xx_hal_gpio.o
 .debug_info    0x0000a347      0x8c3 ./Drivers/STM32F4xx_HAL_Driver/Src/stm32f4xx_hal_rcc.o
 .debug_info    0x0000ac0a     0x299d ./Drivers/STM32F4xx_HAL_Driver/Src/stm32f4xx_hal_tim.o
 .debug_info    0x0000d5a7     0x14db ./Drivers/STM32F4xx_HAL_Driver/Src/stm32f4xx_hal_tim_ex.o
 .debug_info    0x0000ea82     0x2f4f ./Drivers/STM32F4xx_HAL_Driver/Src/stm32f4xx_hal_uart.o

.debug_abbrev   0x00000000     0x270c
 .debug_abbrev  0x00000000      0x1b0 ./Core/Src/Analog_digital_converter.o
 .debug_abbrev  0x000001b0      0x25d ./Core/Src/Motor_step_driver.o
 .debug_abbrev  0x0000040d       0x8c ./Core/Src/Raspberry_Pi.o
 .debug_abbrev  0x00000499      0x19a ./Core/Src/Transfer_to_Raspberry_Pi.o
 .debug_abbrev  0x00000633      0x2e2 ./Core/Src/main.o
 .debug_abbrev  0x00000915      0x21f ./Core/Src/stm32f4xx_hal_msp.o
 .debug_abbrev  0x00000b34      0x1af ./Core/Src/stm32f4xx_it.o
 .debug_abbrev  0x00000ce3      0x11a ./Core/Src/system_stm32f4xx.o
 .debug_abbrev  0x00000dfd       0x24 ./Core/Startup/startup_stm32f407vgtx.o
 .debug_abbrev  0x00000e21      0x214 ./Drivers/STM32F4xx_HAL_Driver/Src/stm32f4xx_hal.o
 .debug_abbrev  0x00001035      0x252 ./Drivers/STM32F4xx_HAL_Driver/Src/stm32f4xx_hal_adc.o
 .debug_abbrev  0x00001287      0x270 ./Drivers/STM32F4xx_HAL_Driver/Src/stm32f4xx_hal_adc_ex.o
 .debug_abbrev  0x000014f7      0x31d ./Drivers/STM32F4xx_HAL_Driver/Src/stm32f4xx_hal_cortex.o
 .debug_abbrev  0x00001814      0x264 ./Drivers/STM32F4xx_HAL_Driver/Src/stm32f4xx_hal_dma.o
 .debug_abbrev  0x00001a78      0x1d4 ./Drivers/STM32F4xx_HAL_Driver/Src/stm32f4xx_hal_gpio.o
 .debug_abbrev  0x00001c4c      0x2b7 ./Drivers/STM32F4xx_HAL_Driver/Src/stm32f4xx_hal_rcc.o
 .debug_abbrev  0x00001f03      0x278 ./Drivers/STM32F4xx_HAL_Driver/Src/stm32f4xx_hal_tim.o
 .debug_abbrev  0x0000217b      0x283 ./Drivers/STM32F4xx_HAL_Driver/Src/stm32f4xx_hal_tim_ex.o
 .debug_abbrev  0x000023fe      0x30e ./Drivers/STM32F4xx_HAL_Driver/Src/stm32f4xx_hal_uart.o

.debug_aranges  0x00000000      0xeb0
 .debug_aranges
                0x00000000       0x20 ./Core/Src/Analog_digital_converter.o
 .debug_aranges
                0x00000020       0x58 ./Core/Src/Motor_step_driver.o
 .debug_aranges
                0x00000078       0x18 ./Core/Src/Raspberry_Pi.o
 .debug_aranges
                0x00000090       0x20 ./Core/Src/Transfer_to_Raspberry_Pi.o
 .debug_aranges
                0x000000b0       0x80 ./Core/Src/main.o
 .debug_aranges
                0x00000130       0x68 ./Core/Src/stm32f4xx_hal_msp.o
 .debug_aranges
                0x00000198       0x80 ./Core/Src/stm32f4xx_it.o
 .debug_aranges
                0x00000218       0x28 ./Core/Src/system_stm32f4xx.o
 .debug_aranges
                0x00000240       0x28 ./Core/Startup/startup_stm32f407vgtx.o
 .debug_aranges
                0x00000268       0xf0 ./Drivers/STM32F4xx_HAL_Driver/Src/stm32f4xx_hal.o
 .debug_aranges
                0x00000358       0xe8 ./Drivers/STM32F4xx_HAL_Driver/Src/stm32f4xx_hal_adc.o
 .debug_aranges
                0x00000440       0x90 ./Drivers/STM32F4xx_HAL_Driver/Src/stm32f4xx_hal_adc_ex.o
 .debug_aranges
                0x000004d0      0x130 ./Drivers/STM32F4xx_HAL_Driver/Src/stm32f4xx_hal_cortex.o
 .debug_aranges
                0x00000600       0x90 ./Drivers/STM32F4xx_HAL_Driver/Src/stm32f4xx_hal_dma.o
 .debug_aranges
                0x00000690       0x58 ./Drivers/STM32F4xx_HAL_Driver/Src/stm32f4xx_hal_gpio.o
 .debug_aranges
                0x000006e8       0x88 ./Drivers/STM32F4xx_HAL_Driver/Src/stm32f4xx_hal_rcc.o
 .debug_aranges
                0x00000770      0x3d0 ./Drivers/STM32F4xx_HAL_Driver/Src/stm32f4xx_hal_tim.o
 .debug_aranges
                0x00000b40      0x168 ./Drivers/STM32F4xx_HAL_Driver/Src/stm32f4xx_hal_tim_ex.o
 .debug_aranges
                0x00000ca8      0x208 ./Drivers/STM32F4xx_HAL_Driver/Src/stm32f4xx_hal_uart.o

.debug_rnglists
                0x00000000      0xb6d
 .debug_rnglists
                0x00000000       0x14 ./Core/Src/Analog_digital_converter.o
 .debug_rnglists
                0x00000014       0x3f ./Core/Src/Motor_step_driver.o
 .debug_rnglists
                0x00000053       0x14 ./Core/Src/Transfer_to_Raspberry_Pi.o
 .debug_rnglists
                0x00000067       0x65 ./Core/Src/main.o
 .debug_rnglists
                0x000000cc       0x4e ./Core/Src/stm32f4xx_hal_msp.o
 .debug_rnglists
                0x0000011a       0x5b ./Core/Src/stm32f4xx_it.o
 .debug_rnglists
                0x00000175       0x1a ./Core/Src/system_stm32f4xx.o
 .debug_rnglists
                0x0000018f       0x19 ./Core/Startup/startup_stm32f407vgtx.o
 .debug_rnglists
                0x000001a8       0xaf ./Drivers/STM32F4xx_HAL_Driver/Src/stm32f4xx_hal.o
 .debug_rnglists
                0x00000257       0xb5 ./Drivers/STM32F4xx_HAL_Driver/Src/stm32f4xx_hal_adc.o
 .debug_rnglists
                0x0000030c       0x71 ./Drivers/STM32F4xx_HAL_Driver/Src/stm32f4xx_hal_adc_ex.o
 .debug_rnglists
                0x0000037d       0xe0 ./Drivers/STM32F4xx_HAL_Driver/Src/stm32f4xx_hal_cortex.o
 .debug_rnglists
                0x0000045d       0x70 ./Drivers/STM32F4xx_HAL_Driver/Src/stm32f4xx_hal_dma.o
 .debug_rnglists
                0x000004cd       0x3f ./Drivers/STM32F4xx_HAL_Driver/Src/stm32f4xx_hal_gpio.o
 .debug_rnglists
                0x0000050c       0x66 ./Drivers/STM32F4xx_HAL_Driver/Src/stm32f4xx_hal_rcc.o
 .debug_rnglists
                0x00000572      0x31a ./Drivers/STM32F4xx_HAL_Driver/Src/stm32f4xx_hal_tim.o
 .debug_rnglists
                0x0000088c      0x125 ./Drivers/STM32F4xx_HAL_Driver/Src/stm32f4xx_hal_tim_ex.o
 .debug_rnglists
                0x000009b1      0x1bc ./Drivers/STM32F4xx_HAL_Driver/Src/stm32f4xx_hal_uart.o

.debug_macro    0x00000000    0x23314
 .debug_macro   0x00000000      0x2cb ./Core/Src/Analog_digital_converter.o
 .debug_macro   0x000002cb      0xad8 ./Core/Src/Analog_digital_converter.o
 .debug_macro   0x00000da3      0x2a1 ./Core/Src/Analog_digital_converter.o
 .debug_macro   0x00001044       0x2e ./Core/Src/Analog_digital_converter.o
 .debug_macro   0x00001072       0x2f ./Core/Src/Analog_digital_converter.o
 .debug_macro   0x000010a1       0x22 ./Core/Src/Analog_digital_converter.o
 .debug_macro   0x000010c3       0x8e ./Core/Src/Analog_digital_converter.o
 .debug_macro   0x00001151       0x51 ./Core/Src/Analog_digital_converter.o
 .debug_macro   0x000011a2      0x103 ./Core/Src/Analog_digital_converter.o
 .debug_macro   0x000012a5       0x6a ./Core/Src/Analog_digital_converter.o
 .debug_macro   0x0000130f      0x1df ./Core/Src/Analog_digital_converter.o
 .debug_macro   0x000014ee       0x1c ./Core/Src/Analog_digital_converter.o
 .debug_macro   0x0000150a       0x22 ./Core/Src/Analog_digital_converter.o
 .debug_macro   0x0000152c       0xfb ./Core/Src/Analog_digital_converter.o
 .debug_macro   0x00001627     0x1011 ./Core/Src/Analog_digital_converter.o
 .debug_macro   0x00002638      0x11f ./Core/Src/Analog_digital_converter.o
 .debug_macro   0x00002757    0x15ea5 ./Core/Src/Analog_digital_converter.o
 .debug_macro   0x000185fc       0x6d ./Core/Src/Analog_digital_converter.o
 .debug_macro   0x00018669     0x3693 ./Core/Src/Analog_digital_converter.o
 .debug_macro   0x0001bcfc      0x190 ./Core/Src/Analog_digital_converter.o
 .debug_macro   0x0001be8c       0x5c ./Core/Src/Analog_digital_converter.o
 .debug_macro   0x0001bee8      0x980 ./Core/Src/Analog_digital_converter.o
 .debug_macro   0x0001c868      0x9e9 ./Core/Src/Analog_digital_converter.o
 .debug_macro   0x0001d251      0x115 ./Core/Src/Analog_digital_converter.o
 .debug_macro   0x0001d366      0x13e ./Core/Src/Analog_digital_converter.o
 .debug_macro   0x0001d4a4       0xa5 ./Core/Src/Analog_digital_converter.o
 .debug_macro   0x0001d549      0x174 ./Core/Src/Analog_digital_converter.o
 .debug_macro   0x0001d6bd      0x287 ./Core/Src/Analog_digital_converter.o
 .debug_macro   0x0001d944       0x5f ./Core/Src/Analog_digital_converter.o
 .debug_macro   0x0001d9a3      0x236 ./Core/Src/Analog_digital_converter.o
 .debug_macro   0x0001dbd9      0xb5b ./Core/Src/Analog_digital_converter.o
 .debug_macro   0x0001e734      0x38b ./Core/Src/Analog_digital_converter.o
 .debug_macro   0x0001eabf      0x176 ./Core/Src/Analog_digital_converter.o
 .debug_macro   0x0001ec35       0xf9 ./Core/Src/Analog_digital_converter.o
 .debug_macro   0x0001ed2e      0x12c ./Core/Src/Analog_digital_converter.o
 .debug_macro   0x0001ee5a      0x21e ./Core/Src/Analog_digital_converter.o
 .debug_macro   0x0001f078       0x2e ./Core/Src/Analog_digital_converter.o
 .debug_macro   0x0001f0a6      0x127 ./Core/Src/Analog_digital_converter.o
 .debug_macro   0x0001f1cd       0x7e ./Core/Src/Analog_digital_converter.o
 .debug_macro   0x0001f24b       0x89 ./Core/Src/Analog_digital_converter.o
 .debug_macro   0x0001f2d4      0x8ed ./Core/Src/Analog_digital_converter.o
 .debug_macro   0x0001fbc1       0x4d ./Core/Src/Analog_digital_converter.o
 .debug_macro   0x0001fc0e      0x2aa ./Core/Src/Analog_digital_converter.o
 .debug_macro   0x0001feb8      0x12d ./Core/Src/Analog_digital_converter.o
 .debug_macro   0x0001ffe5       0x2e ./Core/Src/Analog_digital_converter.o
 .debug_macro   0x00020013       0x16 ./Core/Src/Analog_digital_converter.o
 .debug_macro   0x00020029       0x61 ./Core/Src/Analog_digital_converter.o
 .debug_macro   0x0002008a       0x2a ./Core/Src/Analog_digital_converter.o
 .debug_macro   0x000200b4       0x43 ./Core/Src/Analog_digital_converter.o
 .debug_macro   0x000200f7       0x34 ./Core/Src/Analog_digital_converter.o
 .debug_macro   0x0002012b      0x370 ./Core/Src/Analog_digital_converter.o
 .debug_macro   0x0002049b       0x16 ./Core/Src/Analog_digital_converter.o
 .debug_macro   0x000204b1       0x4a ./Core/Src/Analog_digital_converter.o
 .debug_macro   0x000204fb       0x34 ./Core/Src/Analog_digital_converter.o
 .debug_macro   0x0002052f       0x10 ./Core/Src/Analog_digital_converter.o
 .debug_macro   0x0002053f       0x58 ./Core/Src/Analog_digital_converter.o
 .debug_macro   0x00020597       0x8e ./Core/Src/Analog_digital_converter.o
 .debug_macro   0x00020625       0x1c ./Core/Src/Analog_digital_converter.o
 .debug_macro   0x00020641      0x185 ./Core/Src/Analog_digital_converter.o
 .debug_macro   0x000207c6      0x19b ./Core/Src/Analog_digital_converter.o
 .debug_macro   0x00020961      0x2c1 ./Core/Src/Motor_step_driver.o
 .debug_macro   0x00020c22      0x200 ./Core/Src/Raspberry_Pi.o
 .debug_macro   0x00020e22      0x2d5 ./Core/Src/Transfer_to_Raspberry_Pi.o
 .debug_macro   0x000210f7      0x361 ./Core/Src/main.o
 .debug_macro   0x00021458       0x10 ./Core/Src/main.o
 .debug_macro   0x00021468       0x3c ./Core/Src/main.o
 .debug_macro   0x000214a4       0x20 ./Core/Src/main.o
 .debug_macro   0x000214c4       0x16 ./Core/Src/main.o
 .debug_macro   0x000214da       0x16 ./Core/Src/main.o
 .debug_macro   0x000214f0       0x29 ./Core/Src/main.o
 .debug_macro   0x00021519       0x22 ./Core/Src/main.o
 .debug_macro   0x0002153b       0xe8 ./Core/Src/main.o
 .debug_macro   0x00021623      0x361 ./Core/Src/stm32f4xx_hal_msp.o
 .debug_macro   0x00021984      0x36b ./Core/Src/stm32f4xx_it.o
 .debug_macro   0x00021cef      0x1f6 ./Core/Src/system_stm32f4xx.o
 .debug_macro   0x00021ee5      0x256 ./Drivers/STM32F4xx_HAL_Driver/Src/stm32f4xx_hal.o
 .debug_macro   0x0002213b      0x1f7 ./Drivers/STM32F4xx_HAL_Driver/Src/stm32f4xx_hal_adc.o
 .debug_macro   0x00022332      0x1f6 ./Drivers/STM32F4xx_HAL_Driver/Src/stm32f4xx_hal_adc_ex.o
 .debug_macro   0x00022528      0x1f6 ./Drivers/STM32F4xx_HAL_Driver/Src/stm32f4xx_hal_cortex.o
 .debug_macro   0x0002271e      0x1fc ./Drivers/STM32F4xx_HAL_Driver/Src/stm32f4xx_hal_dma.o
 .debug_macro   0x0002291a      0x1fc ./Drivers/STM32F4xx_HAL_Driver/Src/stm32f4xx_hal_gpio.o
 .debug_macro   0x00022b16      0x21a ./Drivers/STM32F4xx_HAL_Driver/Src/stm32f4xx_hal_rcc.o
 .debug_macro   0x00022d30      0x1f7 ./Drivers/STM32F4xx_HAL_Driver/Src/stm32f4xx_hal_tim.o
 .debug_macro   0x00022f27      0x1f6 ./Drivers/STM32F4xx_HAL_Driver/Src/stm32f4xx_hal_tim_ex.o
 .debug_macro   0x0002311d      0x1f7 ./Drivers/STM32F4xx_HAL_Driver/Src/stm32f4xx_hal_uart.o

.debug_line     0x00000000    0x12e09
 .debug_line    0x00000000      0x97c ./Core/Src/Analog_digital_converter.o
 .debug_line    0x0000097c      0xaf2 ./Core/Src/Motor_step_driver.o
 .debug_line    0x0000146e      0x778 ./Core/Src/Raspberry_Pi.o
 .debug_line    0x00001be6      0x9c5 ./Core/Src/Transfer_to_Raspberry_Pi.o
 .debug_line    0x000025ab      0xe53 ./Core/Src/main.o
 .debug_line    0x000033fe      0xbae ./Core/Src/stm32f4xx_hal_msp.o
 .debug_line    0x00003fac      0xac8 ./Core/Src/stm32f4xx_it.o
 .debug_line    0x00004a74      0x803 ./Core/Src/system_stm32f4xx.o
 .debug_line    0x00005277       0x7a ./Core/Startup/startup_stm32f407vgtx.o
 .debug_line    0x000052f1      0xa7f ./Drivers/STM32F4xx_HAL_Driver/Src/stm32f4xx_hal.o
 .debug_line    0x00005d70     0x1296 ./Drivers/STM32F4xx_HAL_Driver/Src/stm32f4xx_hal_adc.o
 .debug_line    0x00007006      0xeca ./Drivers/STM32F4xx_HAL_Driver/Src/stm32f4xx_hal_adc_ex.o
 .debug_line    0x00007ed0      0xd4f ./Drivers/STM32F4xx_HAL_Driver/Src/stm32f4xx_hal_cortex.o
 .debug_line    0x00008c1f      0xfeb ./Drivers/STM32F4xx_HAL_Driver/Src/stm32f4xx_hal_dma.o
 .debug_line    0x00009c0a      0xbd7 ./Drivers/STM32F4xx_HAL_Driver/Src/stm32f4xx_hal_gpio.o
 .debug_line    0x0000a7e1      0xe8e ./Drivers/STM32F4xx_HAL_Driver/Src/stm32f4xx_hal_rcc.o
 .debug_line    0x0000b66f     0x37f4 ./Drivers/STM32F4xx_HAL_Driver/Src/stm32f4xx_hal_tim.o
 .debug_line    0x0000ee63     0x19df ./Drivers/STM32F4xx_HAL_Driver/Src/stm32f4xx_hal_tim_ex.o
 .debug_line    0x00010842     0x25c7 ./Drivers/STM32F4xx_HAL_Driver/Src/stm32f4xx_hal_uart.o

.debug_str      0x00000000    0xd8860
 .debug_str     0x00000000    0xd8860 ./Core/Src/Analog_digital_converter.o
                              0xd47cd (size before relaxing)
 .debug_str     0x000d8860    0xd463a ./Core/Src/Motor_step_driver.o
 .debug_str     0x000d8860    0xd03c2 ./Core/Src/Raspberry_Pi.o
 .debug_str     0x000d8860    0xd47d8 ./Core/Src/Transfer_to_Raspberry_Pi.o
 .debug_str     0x000d8860    0xd55c0 ./Core/Src/main.o
 .debug_str     0x000d8860    0xd5440 ./Core/Src/stm32f4xx_hal_msp.o
 .debug_str     0x000d8860    0xd4dde ./Core/Src/stm32f4xx_it.o
 .debug_str     0x000d8860    0xd053d ./Core/Src/system_stm32f4xx.o
 .debug_str     0x000d8860       0x85 ./Core/Startup/startup_stm32f407vgtx.o
 .debug_str     0x000d8860    0xd10c1 ./Drivers/STM32F4xx_HAL_Driver/Src/stm32f4xx_hal.o
 .debug_str     0x000d8860    0xd0b2a ./Drivers/STM32F4xx_HAL_Driver/Src/stm32f4xx_hal_adc.o
 .debug_str     0x000d8860    0xd0b7e ./Drivers/STM32F4xx_HAL_Driver/Src/stm32f4xx_hal_adc_ex.o
 .debug_str     0x000d8860    0xd0e3d ./Drivers/STM32F4xx_HAL_Driver/Src/stm32f4xx_hal_cortex.o
 .debug_str     0x000d8860    0xd0957 ./Drivers/STM32F4xx_HAL_Driver/Src/stm32f4xx_hal_dma.o
 .debug_str     0x000d8860    0xd06b8 ./Drivers/STM32F4xx_HAL_Driver/Src/stm32f4xx_hal_gpio.o
 .debug_str     0x000d8860    0xd0971 ./Drivers/STM32F4xx_HAL_Driver/Src/stm32f4xx_hal_rcc.o
 .debug_str     0x000d8860    0xd18c7 ./Drivers/STM32F4xx_HAL_Driver/Src/stm32f4xx_hal_tim.o
 .debug_str     0x000d8860    0xd10d3 ./Drivers/STM32F4xx_HAL_Driver/Src/stm32f4xx_hal_tim_ex.o
 .debug_str     0x000d8860    0xd0f52 ./Drivers/STM32F4xx_HAL_Driver/Src/stm32f4xx_hal_uart.o

.comment        0x00000000       0x43
 .comment       0x00000000       0x43 ./Core/Src/Analog_digital_converter.o
                                 0x44 (size before relaxing)
 .comment       0x00000043       0x44 ./Core/Src/Motor_step_driver.o
 .comment       0x00000043       0x44 ./Core/Src/Raspberry_Pi.o
 .comment       0x00000043       0x44 ./Core/Src/Transfer_to_Raspberry_Pi.o
 .comment       0x00000043       0x44 ./Core/Src/main.o
 .comment       0x00000043       0x44 ./Core/Src/stm32f4xx_hal_msp.o
 .comment       0x00000043       0x44 ./Core/Src/stm32f4xx_it.o
 .comment       0x00000043       0x44 ./Core/Src/system_stm32f4xx.o
 .comment       0x00000043       0x44 ./Drivers/STM32F4xx_HAL_Driver/Src/stm32f4xx_hal.o
 .comment       0x00000043       0x44 ./Drivers/STM32F4xx_HAL_Driver/Src/stm32f4xx_hal_adc.o
 .comment       0x00000043       0x44 ./Drivers/STM32F4xx_HAL_Driver/Src/stm32f4xx_hal_adc_ex.o
 .comment       0x00000043       0x44 ./Drivers/STM32F4xx_HAL_Driver/Src/stm32f4xx_hal_cortex.o
 .comment       0x00000043       0x44 ./Drivers/STM32F4xx_HAL_Driver/Src/stm32f4xx_hal_dma.o
 .comment       0x00000043       0x44 ./Drivers/STM32F4xx_HAL_Driver/Src/stm32f4xx_hal_gpio.o
 .comment       0x00000043       0x44 ./Drivers/STM32F4xx_HAL_Driver/Src/stm32f4xx_hal_rcc.o
 .comment       0x00000043       0x44 ./Drivers/STM32F4xx_HAL_Driver/Src/stm32f4xx_hal_tim.o
 .comment       0x00000043       0x44 ./Drivers/STM32F4xx_HAL_Driver/Src/stm32f4xx_hal_tim_ex.o
 .comment       0x00000043       0x44 ./Drivers/STM32F4xx_HAL_Driver/Src/stm32f4xx_hal_uart.o

.debug_frame    0x00000000     0x3d04
 .debug_frame   0x00000000       0x34 ./Core/Src/Analog_digital_converter.o
 .debug_frame   0x00000034      0x134 ./Core/Src/Motor_step_driver.o
 .debug_frame   0x00000168       0x34 ./Core/Src/Transfer_to_Raspberry_Pi.o
 .debug_frame   0x0000019c      0x1d0 ./Core/Src/main.o
 .debug_frame   0x0000036c      0x17c ./Core/Src/stm32f4xx_hal_msp.o
 .debug_frame   0x000004e8      0x174 ./Core/Src/stm32f4xx_it.o
 .debug_frame   0x0000065c       0x58 ./Core/Src/system_stm32f4xx.o
 .debug_frame   0x000006b4      0x374 ./Drivers/STM32F4xx_HAL_Driver/Src/stm32f4xx_hal.o
 .debug_frame   0x00000a28      0x3fc ./Drivers/STM32F4xx_HAL_Driver/Src/stm32f4xx_hal_adc.o
 .debug_frame   0x00000e24      0x250 ./Drivers/STM32F4xx_HAL_Driver/Src/stm32f4xx_hal_adc_ex.o
 .debug_frame   0x00001074      0x508 ./Drivers/STM32F4xx_HAL_Driver/Src/stm32f4xx_hal_cortex.o
 .debug_frame   0x0000157c      0x250 ./Drivers/STM32F4xx_HAL_Driver/Src/stm32f4xx_hal_dma.o
 .debug_frame   0x000017cc      0x14c ./Drivers/STM32F4xx_HAL_Driver/Src/stm32f4xx_hal_gpio.o
 .debug_frame   0x00001918      0x1f4 ./Drivers/STM32F4xx_HAL_Driver/Src/stm32f4xx_hal_rcc.o
 .debug_frame   0x00001b0c     0x11c0 ./Drivers/STM32F4xx_HAL_Driver/Src/stm32f4xx_hal_tim.o
 .debug_frame   0x00002ccc      0x638 ./Drivers/STM32F4xx_HAL_Driver/Src/stm32f4xx_hal_tim_ex.o
 .debug_frame   0x00003304      0x954 ./Drivers/STM32F4xx_HAL_Driver/Src/stm32f4xx_hal_uart.o
 .debug_frame   0x00003c58       0x20 C:/ST/STM32CubeIDE_1.15.0/STM32CubeIDE/plugins/com.st.stm32cube.ide.mcu.externaltools.gnu-tools-for-stm32.13.3.rel1.win32_1.0.0.202411081344/tools/bin/../lib/gcc/arm-none-eabi/13.3.1/../../../../arm-none-eabi/lib/thumb/v7e-m+fp/hard\libc_nano.a(libc_a-memset.o)
 .debug_frame   0x00003c78       0x2c C:/ST/STM32CubeIDE_1.15.0/STM32CubeIDE/plugins/com.st.stm32cube.ide.mcu.externaltools.gnu-tools-for-stm32.13.3.rel1.win32_1.0.0.202411081344/tools/bin/../lib/gcc/arm-none-eabi/13.3.1/../../../../arm-none-eabi/lib/thumb/v7e-m+fp/hard\libc_nano.a(libc_a-init.o)
 .debug_frame   0x00003ca4       0x2c C:/ST/STM32CubeIDE_1.15.0/STM32CubeIDE/plugins/com.st.stm32cube.ide.mcu.externaltools.gnu-tools-for-stm32.13.3.rel1.win32_1.0.0.202411081344/tools/bin/../lib/gcc/arm-none-eabi/13.3.1/thumb/v7e-m+fp/hard\libgcc.a(_aeabi_uldivmod.o)
 .debug_frame   0x00003cd0       0x34 C:/ST/STM32CubeIDE_1.15.0/STM32CubeIDE/plugins/com.st.stm32cube.ide.mcu.externaltools.gnu-tools-for-stm32.13.3.rel1.win32_1.0.0.202411081344/tools/bin/../lib/gcc/arm-none-eabi/13.3.1/thumb/v7e-m+fp/hard\libgcc.a(_udivmoddi4.o)

.debug_line_str
                0x00000000       0x69
 .debug_line_str
                0x00000000       0x69 ./Core/Startup/startup_stm32f407vgtx.o
