../Core/Src/main.c:82:5:main	8	static
../Core/Src/main.c:165:6:SystemClock_Config	88	static
../Core/Src/main.c:211:13:MX_ADC1_Init	24	static
../Core/Src/main.c:263:13:MX_ADC2_Init	24	static
../Core/Src/main.c:315:13:MX_TIM2_Init	48	static
../Core/Src/main.c:364:13:MX_TIM3_Init	48	static
../Core/Src/main.c:413:13:MX_TIM4_Init	56	static
../Core/Src/main.c:462:13:MX_TIM5_Init	56	static
../Core/Src/main.c:511:13:MX_USART2_UART_Init	8	static
../Core/Src/main.c:544:13:MX_GPIO_Init	56	static
../Core/Src/main.c:604:6:HAL_UART_RxCpltCallback	16	static
../Core/Src/main.c:611:6:HAL_UART_TxCpltCallback	16	static
../Core/Src/main.c:621:6:Error_Handler	4	static,ignoring_inline_asm
