../Core/Src/main.c:103:5:main	8	static
../Core/Src/main.c:287:6:SystemClock_Config	88	static
../Core/Src/main.c:333:13:MX_ADC1_Init	24	static
../Core/Src/main.c:385:13:MX_ADC2_Init	24	static
../Core/Src/main.c:437:13:MX_TIM2_Init	48	static
../Core/Src/main.c:486:13:MX_TIM3_Init	48	static
../Core/Src/main.c:535:13:MX_TIM4_Init	56	static
../Core/Src/main.c:584:13:MX_TIM5_Init	56	static
../Core/Src/main.c:633:13:MX_USART2_UART_Init	8	static
../Core/Src/main.c:666:13:MX_GPIO_Init	56	static
../Core/Src/main.c:726:6:HAL_UART_RxCpltCallback	16	static
../Core/Src/main.c:739:6:HAL_UART_TxCpltCallback	16	static
../Core/Src/main.c:749:6:Error_Handler	4	static,ignoring_inline_asm
